Vivado Simulator 2018.2
Copyright 1986-1999, 2001-2018 Xilinx, Inc. All Rights Reserved.
Running: C:/Xilinx/Vivado/2018.2/bin/unwrapped/win64.o/xelab.exe -wto 95561af1bb3249579522cad7798d1be7 --incr --debug typical --relax --mt 2 -L xil_defaultlib -L unisims_ver -L unimacro_ver -L secureip --snapshot TOP_TB_behav xil_defaultlib.TOP_TB xil_defaultlib.glbl -log elaborate.log 
Using 2 slave threads.
Starting static elaboration
Completed static elaboration
Starting simulation data flow analysis
Completed simulation data flow analysis
Time Resolution for simulation is 1ps
Compiling module xil_defaultlib.mux2
Compiling module xil_defaultlib.pc_reg
Compiling module xil_defaultlib.adder_pc
Compiling module xil_defaultlib.imem
Compiling module xil_defaultlib.control_unit
Compiling module xil_defaultlib.regfile
Compiling module xil_defaultlib.imm_gen
Compiling module xil_defaultlib.alu
Compiling module xil_defaultlib.adder_branch
Compiling module xil_defaultlib.dmem
Compiling module xil_defaultlib.mux3
Compiling module xil_defaultlib.TOP
Compiling module xil_defaultlib.TOP_TB
Compiling module xil_defaultlib.glbl
Built simulation snapshot TOP_TB_behav
