#-----------------------------------------------------------
# Vivado v2018.2 (64-bit)
# SW Build 2258646 on Thu Jun 14 20:03:12 MDT 2018
# IP Build 2256618 on Thu Jun 14 22:10:49 MDT 2018
# Start of session at: Sat Oct  4 01:56:02 2025
# Process ID: 5844
# Current directory: D:/Vivado _projects/Lab_01_Solution/8bit_barrel_shifter
# Command line: vivado.exe -gui_launcher_event rodinguilauncherevent11168 D:\Vivado _projects\Lab_01_Solution\8bit_barrel_shifter\8bit_barrel_shifter.xpr
# Log file: D:/Vivado _projects/Lab_01_Solution/8bit_barrel_shifter/vivado.log
# Journal file: D:/Vivado _projects/Lab_01_Solution/8bit_barrel_shifter\vivado.jou
#-----------------------------------------------------------
start_gui
open_project {D:/Vivado _projects/Lab_01_Solution/8bit_barrel_shifter/8bit_barrel_shifter.xpr}
INFO: [Project 1-313] Project file moved from 'D:/Vivado Lab projects/8bit_barrel_shifter' since last save.
Scanning sources...
Finished scanning sources
INFO: [IP_Flow 19-234] Refreshing IP repositories
INFO: [IP_Flow 19-1704] No user IP repositories specified
INFO: [IP_Flow 19-2313] Loaded Vivado IP repository 'D:/Vivado/2018.2/data/ip'.
update_compile_order -fileset sources_1
exit
