Copyright 1986-2018 Xilinx, Inc. All Rights Reserved.
-----------------------------------------------------------------------------------------------------------------------------------------------------------------------------------------------------------
| Tool Version : Vivado v.2018.2 (win64) Build 2258646 Thu Jun 14 20:03:12 MDT 2018
| Date         : Thu May 14 22:03:10 2026
| Host         : RoshaanWasif running 64-bit major release  (build 9200)
| Command      : report_timing_summary -max_paths 10 -file whack_a_mole_timing_summary_routed.rpt -pb whack_a_mole_timing_summary_routed.pb -rpx whack_a_mole_timing_summary_routed.rpx -warn_on_violation
| Design       : whack_a_mole
| Device       : 7a100t-csg324
| Speed File   : -1  PRODUCTION 1.22 2018-03-21
-----------------------------------------------------------------------------------------------------------------------------------------------------------------------------------------------------------

Timing Summary Report

------------------------------------------------------------------------------------------------
| Timer Settings
| --------------
------------------------------------------------------------------------------------------------

  Enable Multi Corner Analysis               :  Yes
  Enable Pessimism Removal                   :  Yes
  Pessimism Removal Resolution               :  Nearest Common Node
  Enable Input Delay Default Clock           :  No
  Enable Preset / Clear Arcs                 :  No
  Disable Flight Delays                      :  No
  Ignore I/O Paths                           :  No
  Timing Early Launch at Borrowing Latches   :  false

  Corner  Analyze    Analyze    
  Name    Max Paths  Min Paths  
  ------  ---------  ---------  
  Slow    Yes        Yes        
  Fast    Yes        Yes        



check_timing report

Table of Contents
-----------------
1. checking no_clock
2. checking constant_clock
3. checking pulse_width_clock
4. checking unconstrained_internal_endpoints
5. checking no_input_delay
6. checking no_output_delay
7. checking multiple_clock
8. checking generated_clocks
9. checking loops
10. checking partial_input_delay
11. checking partial_output_delay
12. checking latch_loops

1. checking no_clock
--------------------
 There are 0 register/latch pins with no clock.


2. checking constant_clock
--------------------------
 There are 0 register/latch pins with constant_clock.


3. checking pulse_width_clock
-----------------------------
 There are 0 register/latch pins which need pulse_width check


4. checking unconstrained_internal_endpoints
--------------------------------------------
 There are 0 pins that are not constrained for maximum delay.

 There are 0 pins that are not constrained for maximum delay due to constant clock.


5. checking no_input_delay
--------------------------
 There are 5 input ports with no input delay specified. (HIGH)

 There are 0 input ports with no input delay but user has a false path constraint.


6. checking no_output_delay
---------------------------
 There are 13 ports with no output delay specified. (HIGH)

 There are 0 ports with no output delay but user has a false path constraint

 There are 0 ports with no output delay but with a timing clock defined on it or propagating through it


7. checking multiple_clock
--------------------------
 There are 0 register/latch pins with multiple clocks.


8. checking generated_clocks
----------------------------
 There are 0 generated clocks that are not connected to a clock source.


9. checking loops
-----------------
 There are 0 combinational loops in the design.


10. checking partial_input_delay
--------------------------------
 There are 0 input ports with partial input delay specified.


11. checking partial_output_delay
---------------------------------
 There are 0 ports with partial output delay specified.


12. checking latch_loops
------------------------
 There are 0 combinational latch loops in the design through latch input



------------------------------------------------------------------------------------------------
| Design Timing Summary
| ---------------------
------------------------------------------------------------------------------------------------

    WNS(ns)      TNS(ns)  TNS Failing Endpoints  TNS Total Endpoints      WHS(ns)      THS(ns)  THS Failing Endpoints  THS Total Endpoints     WPWS(ns)     TPWS(ns)  TPWS Failing Endpoints  TPWS Total Endpoints  
    -------      -------  ---------------------  -------------------      -------      -------  ---------------------  -------------------     --------     --------  ----------------------  --------------------  
      5.827        0.000                      0                  136        0.121        0.000                      0                  136        4.500        0.000                       0                    81  


All user specified timing constraints are met.


------------------------------------------------------------------------------------------------
| Clock Summary
| -------------
------------------------------------------------------------------------------------------------

Clock        Waveform(ns)       Period(ns)      Frequency(MHz)
-----        ------------       ----------      --------------
sys_clk_pin  {0.000 5.000}      10.000          100.000         


------------------------------------------------------------------------------------------------
| Intra Clock Table
| -----------------
------------------------------------------------------------------------------------------------

Clock             WNS(ns)      TNS(ns)  TNS Failing Endpoints  TNS Total Endpoints      WHS(ns)      THS(ns)  THS Failing Endpoints  THS Total Endpoints     WPWS(ns)     TPWS(ns)  TPWS Failing Endpoints  TPWS Total Endpoints  
-----             -------      -------  ---------------------  -------------------      -------      -------  ---------------------  -------------------     --------     --------  ----------------------  --------------------  
sys_clk_pin         5.827        0.000                      0                  136        0.121        0.000                      0                  136        4.500        0.000                       0                    81  


------------------------------------------------------------------------------------------------
| Inter Clock Table
| -----------------
------------------------------------------------------------------------------------------------

From Clock    To Clock          WNS(ns)      TNS(ns)  TNS Failing Endpoints  TNS Total Endpoints      WHS(ns)      THS(ns)  THS Failing Endpoints  THS Total Endpoints  
----------    --------          -------      -------  ---------------------  -------------------      -------      -------  ---------------------  -------------------  


------------------------------------------------------------------------------------------------
| Other Path Groups Table
| -----------------------
------------------------------------------------------------------------------------------------

Path Group    From Clock    To Clock          WNS(ns)      TNS(ns)  TNS Failing Endpoints  TNS Total Endpoints      WHS(ns)      THS(ns)  THS Failing Endpoints  THS Total Endpoints  
----------    ----------    --------          -------      -------  ---------------------  -------------------      -------      -------  ---------------------  -------------------  


------------------------------------------------------------------------------------------------
| Timing Details
| --------------
------------------------------------------------------------------------------------------------


---------------------------------------------------------------------------------------------------
From Clock:  sys_clk_pin
  To Clock:  sys_clk_pin

Setup :            0  Failing Endpoints,  Worst Slack        5.827ns,  Total Violation        0.000ns
Hold  :            0  Failing Endpoints,  Worst Slack        0.121ns,  Total Violation        0.000ns
PW    :            0  Failing Endpoints,  Worst Slack        4.500ns,  Total Violation        0.000ns
---------------------------------------------------------------------------------------------------


Max Delay Paths
--------------------------------------------------------------------------------------
Slack (MET) :             5.827ns  (required time - arrival time)
  Source:                 counter_1hz_reg[9]/C
                            (rising edge-triggered cell FDRE clocked by sys_clk_pin  {rise@0.000ns fall@5.000ns period=10.000ns})
  Destination:            counter_1hz_reg[20]/R
                            (rising edge-triggered cell FDRE clocked by sys_clk_pin  {rise@0.000ns fall@5.000ns period=10.000ns})
  Path Group:             sys_clk_pin
  Path Type:              Setup (Max at Slow Process Corner)
  Requirement:            10.000ns  (sys_clk_pin rise@10.000ns - sys_clk_pin rise@0.000ns)
  Data Path Delay:        3.685ns  (logic 0.828ns (22.472%)  route 2.857ns (77.528%))
  Logic Levels:           3  (LUT5=1 LUT6=2)
  Clock Path Skew:        -0.024ns (DCD - SCD + CPR)
    Destination Clock Delay (DCD):    5.028ns = ( 15.028 - 10.000 ) 
    Source Clock Delay      (SCD):    5.327ns
    Clock Pessimism Removal (CPR):    0.275ns
  Clock Uncertainty:      0.035ns  ((TSJ^2 + TIJ^2)^1/2 + DJ) / 2 + PE
    Total System Jitter     (TSJ):    0.071ns
    Total Input Jitter      (TIJ):    0.000ns
    Discrete Jitter          (DJ):    0.000ns
    Phase Error              (PE):    0.000ns

    Location             Delay type                Incr(ns)  Path(ns)    Netlist Resource(s)
  -------------------------------------------------------------------    -------------------
                         (clock sys_clk_pin rise edge)
                                                      0.000     0.000 r  
    E3                                                0.000     0.000 r  clk (IN)
                         net (fo=0)                   0.000     0.000    clk
    E3                   IBUF (Prop_ibuf_I_O)         1.482     1.482 r  clk_IBUF_inst/O
                         net (fo=1, routed)           2.025     3.506    clk_IBUF
    BUFGCTRL_X0Y16       BUFG (Prop_bufg_I_O)         0.096     3.602 r  clk_IBUF_BUFG_inst/O
                         net (fo=80, routed)          1.724     5.327    clk_IBUF_BUFG
    SLICE_X3Y92          FDRE                                         r  counter_1hz_reg[9]/C
  -------------------------------------------------------------------    -------------------
    SLICE_X3Y92          FDRE (Prop_fdre_C_Q)         0.456     5.783 r  counter_1hz_reg[9]/Q
                         net (fo=2, routed)           0.968     6.751    counter_1hz_reg[9]
    SLICE_X4Y92          LUT5 (Prop_lut5_I1_O)        0.124     6.875 f  tick_1hz_i_6/O
                         net (fo=1, routed)           0.303     7.177    tick_1hz_i_6_n_0
    SLICE_X4Y91          LUT6 (Prop_lut6_I0_O)        0.124     7.301 f  tick_1hz_i_4/O
                         net (fo=1, routed)           0.559     7.861    tick_1hz_i_4_n_0
    SLICE_X4Y94          LUT6 (Prop_lut6_I4_O)        0.124     7.985 r  tick_1hz_i_1/O
                         net (fo=28, routed)          1.027     9.011    clear
    SLICE_X3Y95          FDRE                                         r  counter_1hz_reg[20]/R
  -------------------------------------------------------------------    -------------------

                         (clock sys_clk_pin rise edge)
                                                     10.000    10.000 r  
    E3                                                0.000    10.000 r  clk (IN)
                         net (fo=0)                   0.000    10.000    clk
    E3                   IBUF (Prop_ibuf_I_O)         1.411    11.411 r  clk_IBUF_inst/O
                         net (fo=1, routed)           1.920    13.331    clk_IBUF
    BUFGCTRL_X0Y16       BUFG (Prop_bufg_I_O)         0.091    13.422 r  clk_IBUF_BUFG_inst/O
                         net (fo=80, routed)          1.605    15.028    clk_IBUF_BUFG
    SLICE_X3Y95          FDRE                                         r  counter_1hz_reg[20]/C
                         clock pessimism              0.275    15.303    
                         clock uncertainty           -0.035    15.267    
    SLICE_X3Y95          FDRE (Setup_fdre_C_R)       -0.429    14.838    counter_1hz_reg[20]
  -------------------------------------------------------------------
                         required time                         14.838    
                         arrival time                          -9.011    
  -------------------------------------------------------------------
                         slack                                  5.827    

Slack (MET) :             5.827ns  (required time - arrival time)
  Source:                 counter_1hz_reg[9]/C
                            (rising edge-triggered cell FDRE clocked by sys_clk_pin  {rise@0.000ns fall@5.000ns period=10.000ns})
  Destination:            counter_1hz_reg[21]/R
                            (rising edge-triggered cell FDRE clocked by sys_clk_pin  {rise@0.000ns fall@5.000ns period=10.000ns})
  Path Group:             sys_clk_pin
  Path Type:              Setup (Max at Slow Process Corner)
  Requirement:            10.000ns  (sys_clk_pin rise@10.000ns - sys_clk_pin rise@0.000ns)
  Data Path Delay:        3.685ns  (logic 0.828ns (22.472%)  route 2.857ns (77.528%))
  Logic Levels:           3  (LUT5=1 LUT6=2)
  Clock Path Skew:        -0.024ns (DCD - SCD + CPR)
    Destination Clock Delay (DCD):    5.028ns = ( 15.028 - 10.000 ) 
    Source Clock Delay      (SCD):    5.327ns
    Clock Pessimism Removal (CPR):    0.275ns
  Clock Uncertainty:      0.035ns  ((TSJ^2 + TIJ^2)^1/2 + DJ) / 2 + PE
    Total System Jitter     (TSJ):    0.071ns
    Total Input Jitter      (TIJ):    0.000ns
    Discrete Jitter          (DJ):    0.000ns
    Phase Error              (PE):    0.000ns

    Location             Delay type                Incr(ns)  Path(ns)    Netlist Resource(s)
  -------------------------------------------------------------------    -------------------
                         (clock sys_clk_pin rise edge)
                                                      0.000     0.000 r  
    E3                                                0.000     0.000 r  clk (IN)
                         net (fo=0)                   0.000     0.000    clk
    E3                   IBUF (Prop_ibuf_I_O)         1.482     1.482 r  clk_IBUF_inst/O
                         net (fo=1, routed)           2.025     3.506    clk_IBUF
    BUFGCTRL_X0Y16       BUFG (Prop_bufg_I_O)         0.096     3.602 r  clk_IBUF_BUFG_inst/O
                         net (fo=80, routed)          1.724     5.327    clk_IBUF_BUFG
    SLICE_X3Y92          FDRE                                         r  counter_1hz_reg[9]/C
  -------------------------------------------------------------------    -------------------
    SLICE_X3Y92          FDRE (Prop_fdre_C_Q)         0.456     5.783 r  counter_1hz_reg[9]/Q
                         net (fo=2, routed)           0.968     6.751    counter_1hz_reg[9]
    SLICE_X4Y92          LUT5 (Prop_lut5_I1_O)        0.124     6.875 f  tick_1hz_i_6/O
                         net (fo=1, routed)           0.303     7.177    tick_1hz_i_6_n_0
    SLICE_X4Y91          LUT6 (Prop_lut6_I0_O)        0.124     7.301 f  tick_1hz_i_4/O
                         net (fo=1, routed)           0.559     7.861    tick_1hz_i_4_n_0
    SLICE_X4Y94          LUT6 (Prop_lut6_I4_O)        0.124     7.985 r  tick_1hz_i_1/O
                         net (fo=28, routed)          1.027     9.011    clear
    SLICE_X3Y95          FDRE                                         r  counter_1hz_reg[21]/R
  -------------------------------------------------------------------    -------------------

                         (clock sys_clk_pin rise edge)
                                                     10.000    10.000 r  
    E3                                                0.000    10.000 r  clk (IN)
                         net (fo=0)                   0.000    10.000    clk
    E3                   IBUF (Prop_ibuf_I_O)         1.411    11.411 r  clk_IBUF_inst/O
                         net (fo=1, routed)           1.920    13.331    clk_IBUF
    BUFGCTRL_X0Y16       BUFG (Prop_bufg_I_O)         0.091    13.422 r  clk_IBUF_BUFG_inst/O
                         net (fo=80, routed)          1.605    15.028    clk_IBUF_BUFG
    SLICE_X3Y95          FDRE                                         r  counter_1hz_reg[21]/C
                         clock pessimism              0.275    15.303    
                         clock uncertainty           -0.035    15.267    
    SLICE_X3Y95          FDRE (Setup_fdre_C_R)       -0.429    14.838    counter_1hz_reg[21]
  -------------------------------------------------------------------
                         required time                         14.838    
                         arrival time                          -9.011    
  -------------------------------------------------------------------
                         slack                                  5.827    

Slack (MET) :             5.827ns  (required time - arrival time)
  Source:                 counter_1hz_reg[9]/C
                            (rising edge-triggered cell FDRE clocked by sys_clk_pin  {rise@0.000ns fall@5.000ns period=10.000ns})
  Destination:            counter_1hz_reg[22]/R
                            (rising edge-triggered cell FDRE clocked by sys_clk_pin  {rise@0.000ns fall@5.000ns period=10.000ns})
  Path Group:             sys_clk_pin
  Path Type:              Setup (Max at Slow Process Corner)
  Requirement:            10.000ns  (sys_clk_pin rise@10.000ns - sys_clk_pin rise@0.000ns)
  Data Path Delay:        3.685ns  (logic 0.828ns (22.472%)  route 2.857ns (77.528%))
  Logic Levels:           3  (LUT5=1 LUT6=2)
  Clock Path Skew:        -0.024ns (DCD - SCD + CPR)
    Destination Clock Delay (DCD):    5.028ns = ( 15.028 - 10.000 ) 
    Source Clock Delay      (SCD):    5.327ns
    Clock Pessimism Removal (CPR):    0.275ns
  Clock Uncertainty:      0.035ns  ((TSJ^2 + TIJ^2)^1/2 + DJ) / 2 + PE
    Total System Jitter     (TSJ):    0.071ns
    Total Input Jitter      (TIJ):    0.000ns
    Discrete Jitter          (DJ):    0.000ns
    Phase Error              (PE):    0.000ns

    Location             Delay type                Incr(ns)  Path(ns)    Netlist Resource(s)
  -------------------------------------------------------------------    -------------------
                         (clock sys_clk_pin rise edge)
                                                      0.000     0.000 r  
    E3                                                0.000     0.000 r  clk (IN)
                         net (fo=0)                   0.000     0.000    clk
    E3                   IBUF (Prop_ibuf_I_O)         1.482     1.482 r  clk_IBUF_inst/O
                         net (fo=1, routed)           2.025     3.506    clk_IBUF
    BUFGCTRL_X0Y16       BUFG (Prop_bufg_I_O)         0.096     3.602 r  clk_IBUF_BUFG_inst/O
                         net (fo=80, routed)          1.724     5.327    clk_IBUF_BUFG
    SLICE_X3Y92          FDRE                                         r  counter_1hz_reg[9]/C
  -------------------------------------------------------------------    -------------------
    SLICE_X3Y92          FDRE (Prop_fdre_C_Q)         0.456     5.783 r  counter_1hz_reg[9]/Q
                         net (fo=2, routed)           0.968     6.751    counter_1hz_reg[9]
    SLICE_X4Y92          LUT5 (Prop_lut5_I1_O)        0.124     6.875 f  tick_1hz_i_6/O
                         net (fo=1, routed)           0.303     7.177    tick_1hz_i_6_n_0
    SLICE_X4Y91          LUT6 (Prop_lut6_I0_O)        0.124     7.301 f  tick_1hz_i_4/O
                         net (fo=1, routed)           0.559     7.861    tick_1hz_i_4_n_0
    SLICE_X4Y94          LUT6 (Prop_lut6_I4_O)        0.124     7.985 r  tick_1hz_i_1/O
                         net (fo=28, routed)          1.027     9.011    clear
    SLICE_X3Y95          FDRE                                         r  counter_1hz_reg[22]/R
  -------------------------------------------------------------------    -------------------

                         (clock sys_clk_pin rise edge)
                                                     10.000    10.000 r  
    E3                                                0.000    10.000 r  clk (IN)
                         net (fo=0)                   0.000    10.000    clk
    E3                   IBUF (Prop_ibuf_I_O)         1.411    11.411 r  clk_IBUF_inst/O
                         net (fo=1, routed)           1.920    13.331    clk_IBUF
    BUFGCTRL_X0Y16       BUFG (Prop_bufg_I_O)         0.091    13.422 r  clk_IBUF_BUFG_inst/O
                         net (fo=80, routed)          1.605    15.028    clk_IBUF_BUFG
    SLICE_X3Y95          FDRE                                         r  counter_1hz_reg[22]/C
                         clock pessimism              0.275    15.303    
                         clock uncertainty           -0.035    15.267    
    SLICE_X3Y95          FDRE (Setup_fdre_C_R)       -0.429    14.838    counter_1hz_reg[22]
  -------------------------------------------------------------------
                         required time                         14.838    
                         arrival time                          -9.011    
  -------------------------------------------------------------------
                         slack                                  5.827    

Slack (MET) :             5.827ns  (required time - arrival time)
  Source:                 counter_1hz_reg[9]/C
                            (rising edge-triggered cell FDRE clocked by sys_clk_pin  {rise@0.000ns fall@5.000ns period=10.000ns})
  Destination:            counter_1hz_reg[23]/R
                            (rising edge-triggered cell FDRE clocked by sys_clk_pin  {rise@0.000ns fall@5.000ns period=10.000ns})
  Path Group:             sys_clk_pin
  Path Type:              Setup (Max at Slow Process Corner)
  Requirement:            10.000ns  (sys_clk_pin rise@10.000ns - sys_clk_pin rise@0.000ns)
  Data Path Delay:        3.685ns  (logic 0.828ns (22.472%)  route 2.857ns (77.528%))
  Logic Levels:           3  (LUT5=1 LUT6=2)
  Clock Path Skew:        -0.024ns (DCD - SCD + CPR)
    Destination Clock Delay (DCD):    5.028ns = ( 15.028 - 10.000 ) 
    Source Clock Delay      (SCD):    5.327ns
    Clock Pessimism Removal (CPR):    0.275ns
  Clock Uncertainty:      0.035ns  ((TSJ^2 + TIJ^2)^1/2 + DJ) / 2 + PE
    Total System Jitter     (TSJ):    0.071ns
    Total Input Jitter      (TIJ):    0.000ns
    Discrete Jitter          (DJ):    0.000ns
    Phase Error              (PE):    0.000ns

    Location             Delay type                Incr(ns)  Path(ns)    Netlist Resource(s)
  -------------------------------------------------------------------    -------------------
                         (clock sys_clk_pin rise edge)
                                                      0.000     0.000 r  
    E3                                                0.000     0.000 r  clk (IN)
                         net (fo=0)                   0.000     0.000    clk
    E3                   IBUF (Prop_ibuf_I_O)         1.482     1.482 r  clk_IBUF_inst/O
                         net (fo=1, routed)           2.025     3.506    clk_IBUF
    BUFGCTRL_X0Y16       BUFG (Prop_bufg_I_O)         0.096     3.602 r  clk_IBUF_BUFG_inst/O
                         net (fo=80, routed)          1.724     5.327    clk_IBUF_BUFG
    SLICE_X3Y92          FDRE                                         r  counter_1hz_reg[9]/C
  -------------------------------------------------------------------    -------------------
    SLICE_X3Y92          FDRE (Prop_fdre_C_Q)         0.456     5.783 r  counter_1hz_reg[9]/Q
                         net (fo=2, routed)           0.968     6.751    counter_1hz_reg[9]
    SLICE_X4Y92          LUT5 (Prop_lut5_I1_O)        0.124     6.875 f  tick_1hz_i_6/O
                         net (fo=1, routed)           0.303     7.177    tick_1hz_i_6_n_0
    SLICE_X4Y91          LUT6 (Prop_lut6_I0_O)        0.124     7.301 f  tick_1hz_i_4/O
                         net (fo=1, routed)           0.559     7.861    tick_1hz_i_4_n_0
    SLICE_X4Y94          LUT6 (Prop_lut6_I4_O)        0.124     7.985 r  tick_1hz_i_1/O
                         net (fo=28, routed)          1.027     9.011    clear
    SLICE_X3Y95          FDRE                                         r  counter_1hz_reg[23]/R
  -------------------------------------------------------------------    -------------------

                         (clock sys_clk_pin rise edge)
                                                     10.000    10.000 r  
    E3                                                0.000    10.000 r  clk (IN)
                         net (fo=0)                   0.000    10.000    clk
    E3                   IBUF (Prop_ibuf_I_O)         1.411    11.411 r  clk_IBUF_inst/O
                         net (fo=1, routed)           1.920    13.331    clk_IBUF
    BUFGCTRL_X0Y16       BUFG (Prop_bufg_I_O)         0.091    13.422 r  clk_IBUF_BUFG_inst/O
                         net (fo=80, routed)          1.605    15.028    clk_IBUF_BUFG
    SLICE_X3Y95          FDRE                                         r  counter_1hz_reg[23]/C
                         clock pessimism              0.275    15.303    
                         clock uncertainty           -0.035    15.267    
    SLICE_X3Y95          FDRE (Setup_fdre_C_R)       -0.429    14.838    counter_1hz_reg[23]
  -------------------------------------------------------------------
                         required time                         14.838    
                         arrival time                          -9.011    
  -------------------------------------------------------------------
                         slack                                  5.827    

Slack (MET) :             5.898ns  (required time - arrival time)
  Source:                 counter_1hz_reg[9]/C
                            (rising edge-triggered cell FDRE clocked by sys_clk_pin  {rise@0.000ns fall@5.000ns period=10.000ns})
  Destination:            counter_1hz_reg[12]/R
                            (rising edge-triggered cell FDRE clocked by sys_clk_pin  {rise@0.000ns fall@5.000ns period=10.000ns})
  Path Group:             sys_clk_pin
  Path Type:              Setup (Max at Slow Process Corner)
  Requirement:            10.000ns  (sys_clk_pin rise@10.000ns - sys_clk_pin rise@0.000ns)
  Data Path Delay:        3.613ns  (logic 0.828ns (22.916%)  route 2.785ns (77.084%))
  Logic Levels:           3  (LUT5=1 LUT6=2)
  Clock Path Skew:        -0.024ns (DCD - SCD + CPR)
    Destination Clock Delay (DCD):    5.028ns = ( 15.028 - 10.000 ) 
    Source Clock Delay      (SCD):    5.327ns
    Clock Pessimism Removal (CPR):    0.275ns
  Clock Uncertainty:      0.035ns  ((TSJ^2 + TIJ^2)^1/2 + DJ) / 2 + PE
    Total System Jitter     (TSJ):    0.071ns
    Total Input Jitter      (TIJ):    0.000ns
    Discrete Jitter          (DJ):    0.000ns
    Phase Error              (PE):    0.000ns

    Location             Delay type                Incr(ns)  Path(ns)    Netlist Resource(s)
  -------------------------------------------------------------------    -------------------
                         (clock sys_clk_pin rise edge)
                                                      0.000     0.000 r  
    E3                                                0.000     0.000 r  clk (IN)
                         net (fo=0)                   0.000     0.000    clk
    E3                   IBUF (Prop_ibuf_I_O)         1.482     1.482 r  clk_IBUF_inst/O
                         net (fo=1, routed)           2.025     3.506    clk_IBUF
    BUFGCTRL_X0Y16       BUFG (Prop_bufg_I_O)         0.096     3.602 r  clk_IBUF_BUFG_inst/O
                         net (fo=80, routed)          1.724     5.327    clk_IBUF_BUFG
    SLICE_X3Y92          FDRE                                         r  counter_1hz_reg[9]/C
  -------------------------------------------------------------------    -------------------
    SLICE_X3Y92          FDRE (Prop_fdre_C_Q)         0.456     5.783 r  counter_1hz_reg[9]/Q
                         net (fo=2, routed)           0.968     6.751    counter_1hz_reg[9]
    SLICE_X4Y92          LUT5 (Prop_lut5_I1_O)        0.124     6.875 f  tick_1hz_i_6/O
                         net (fo=1, routed)           0.303     7.177    tick_1hz_i_6_n_0
    SLICE_X4Y91          LUT6 (Prop_lut6_I0_O)        0.124     7.301 f  tick_1hz_i_4/O
                         net (fo=1, routed)           0.559     7.861    tick_1hz_i_4_n_0
    SLICE_X4Y94          LUT6 (Prop_lut6_I4_O)        0.124     7.985 r  tick_1hz_i_1/O
                         net (fo=28, routed)          0.955     8.940    clear
    SLICE_X3Y93          FDRE                                         r  counter_1hz_reg[12]/R
  -------------------------------------------------------------------    -------------------

                         (clock sys_clk_pin rise edge)
                                                     10.000    10.000 r  
    E3                                                0.000    10.000 r  clk (IN)
                         net (fo=0)                   0.000    10.000    clk
    E3                   IBUF (Prop_ibuf_I_O)         1.411    11.411 r  clk_IBUF_inst/O
                         net (fo=1, routed)           1.920    13.331    clk_IBUF
    BUFGCTRL_X0Y16       BUFG (Prop_bufg_I_O)         0.091    13.422 r  clk_IBUF_BUFG_inst/O
                         net (fo=80, routed)          1.605    15.028    clk_IBUF_BUFG
    SLICE_X3Y93          FDRE                                         r  counter_1hz_reg[12]/C
                         clock pessimism              0.275    15.303    
                         clock uncertainty           -0.035    15.267    
    SLICE_X3Y93          FDRE (Setup_fdre_C_R)       -0.429    14.838    counter_1hz_reg[12]
  -------------------------------------------------------------------
                         required time                         14.838    
                         arrival time                          -8.940    
  -------------------------------------------------------------------
                         slack                                  5.898    

Slack (MET) :             5.898ns  (required time - arrival time)
  Source:                 counter_1hz_reg[9]/C
                            (rising edge-triggered cell FDRE clocked by sys_clk_pin  {rise@0.000ns fall@5.000ns period=10.000ns})
  Destination:            counter_1hz_reg[13]/R
                            (rising edge-triggered cell FDRE clocked by sys_clk_pin  {rise@0.000ns fall@5.000ns period=10.000ns})
  Path Group:             sys_clk_pin
  Path Type:              Setup (Max at Slow Process Corner)
  Requirement:            10.000ns  (sys_clk_pin rise@10.000ns - sys_clk_pin rise@0.000ns)
  Data Path Delay:        3.613ns  (logic 0.828ns (22.916%)  route 2.785ns (77.084%))
  Logic Levels:           3  (LUT5=1 LUT6=2)
  Clock Path Skew:        -0.024ns (DCD - SCD + CPR)
    Destination Clock Delay (DCD):    5.028ns = ( 15.028 - 10.000 ) 
    Source Clock Delay      (SCD):    5.327ns
    Clock Pessimism Removal (CPR):    0.275ns
  Clock Uncertainty:      0.035ns  ((TSJ^2 + TIJ^2)^1/2 + DJ) / 2 + PE
    Total System Jitter     (TSJ):    0.071ns
    Total Input Jitter      (TIJ):    0.000ns
    Discrete Jitter          (DJ):    0.000ns
    Phase Error              (PE):    0.000ns

    Location             Delay type                Incr(ns)  Path(ns)    Netlist Resource(s)
  -------------------------------------------------------------------    -------------------
                         (clock sys_clk_pin rise edge)
                                                      0.000     0.000 r  
    E3                                                0.000     0.000 r  clk (IN)
                         net (fo=0)                   0.000     0.000    clk
    E3                   IBUF (Prop_ibuf_I_O)         1.482     1.482 r  clk_IBUF_inst/O
                         net (fo=1, routed)           2.025     3.506    clk_IBUF
    BUFGCTRL_X0Y16       BUFG (Prop_bufg_I_O)         0.096     3.602 r  clk_IBUF_BUFG_inst/O
                         net (fo=80, routed)          1.724     5.327    clk_IBUF_BUFG
    SLICE_X3Y92          FDRE                                         r  counter_1hz_reg[9]/C
  -------------------------------------------------------------------    -------------------
    SLICE_X3Y92          FDRE (Prop_fdre_C_Q)         0.456     5.783 r  counter_1hz_reg[9]/Q
                         net (fo=2, routed)           0.968     6.751    counter_1hz_reg[9]
    SLICE_X4Y92          LUT5 (Prop_lut5_I1_O)        0.124     6.875 f  tick_1hz_i_6/O
                         net (fo=1, routed)           0.303     7.177    tick_1hz_i_6_n_0
    SLICE_X4Y91          LUT6 (Prop_lut6_I0_O)        0.124     7.301 f  tick_1hz_i_4/O
                         net (fo=1, routed)           0.559     7.861    tick_1hz_i_4_n_0
    SLICE_X4Y94          LUT6 (Prop_lut6_I4_O)        0.124     7.985 r  tick_1hz_i_1/O
                         net (fo=28, routed)          0.955     8.940    clear
    SLICE_X3Y93          FDRE                                         r  counter_1hz_reg[13]/R
  -------------------------------------------------------------------    -------------------

                         (clock sys_clk_pin rise edge)
                                                     10.000    10.000 r  
    E3                                                0.000    10.000 r  clk (IN)
                         net (fo=0)                   0.000    10.000    clk
    E3                   IBUF (Prop_ibuf_I_O)         1.411    11.411 r  clk_IBUF_inst/O
                         net (fo=1, routed)           1.920    13.331    clk_IBUF
    BUFGCTRL_X0Y16       BUFG (Prop_bufg_I_O)         0.091    13.422 r  clk_IBUF_BUFG_inst/O
                         net (fo=80, routed)          1.605    15.028    clk_IBUF_BUFG
    SLICE_X3Y93          FDRE                                         r  counter_1hz_reg[13]/C
                         clock pessimism              0.275    15.303    
                         clock uncertainty           -0.035    15.267    
    SLICE_X3Y93          FDRE (Setup_fdre_C_R)       -0.429    14.838    counter_1hz_reg[13]
  -------------------------------------------------------------------
                         required time                         14.838    
                         arrival time                          -8.940    
  -------------------------------------------------------------------
                         slack                                  5.898    

Slack (MET) :             5.898ns  (required time - arrival time)
  Source:                 counter_1hz_reg[9]/C
                            (rising edge-triggered cell FDRE clocked by sys_clk_pin  {rise@0.000ns fall@5.000ns period=10.000ns})
  Destination:            counter_1hz_reg[14]/R
                            (rising edge-triggered cell FDRE clocked by sys_clk_pin  {rise@0.000ns fall@5.000ns period=10.000ns})
  Path Group:             sys_clk_pin
  Path Type:              Setup (Max at Slow Process Corner)
  Requirement:            10.000ns  (sys_clk_pin rise@10.000ns - sys_clk_pin rise@0.000ns)
  Data Path Delay:        3.613ns  (logic 0.828ns (22.916%)  route 2.785ns (77.084%))
  Logic Levels:           3  (LUT5=1 LUT6=2)
  Clock Path Skew:        -0.024ns (DCD - SCD + CPR)
    Destination Clock Delay (DCD):    5.028ns = ( 15.028 - 10.000 ) 
    Source Clock Delay      (SCD):    5.327ns
    Clock Pessimism Removal (CPR):    0.275ns
  Clock Uncertainty:      0.035ns  ((TSJ^2 + TIJ^2)^1/2 + DJ) / 2 + PE
    Total System Jitter     (TSJ):    0.071ns
    Total Input Jitter      (TIJ):    0.000ns
    Discrete Jitter          (DJ):    0.000ns
    Phase Error              (PE):    0.000ns

    Location             Delay type                Incr(ns)  Path(ns)    Netlist Resource(s)
  -------------------------------------------------------------------    -------------------
                         (clock sys_clk_pin rise edge)
                                                      0.000     0.000 r  
    E3                                                0.000     0.000 r  clk (IN)
                         net (fo=0)                   0.000     0.000    clk
    E3                   IBUF (Prop_ibuf_I_O)         1.482     1.482 r  clk_IBUF_inst/O
                         net (fo=1, routed)           2.025     3.506    clk_IBUF
    BUFGCTRL_X0Y16       BUFG (Prop_bufg_I_O)         0.096     3.602 r  clk_IBUF_BUFG_inst/O
                         net (fo=80, routed)          1.724     5.327    clk_IBUF_BUFG
    SLICE_X3Y92          FDRE                                         r  counter_1hz_reg[9]/C
  -------------------------------------------------------------------    -------------------
    SLICE_X3Y92          FDRE (Prop_fdre_C_Q)         0.456     5.783 r  counter_1hz_reg[9]/Q
                         net (fo=2, routed)           0.968     6.751    counter_1hz_reg[9]
    SLICE_X4Y92          LUT5 (Prop_lut5_I1_O)        0.124     6.875 f  tick_1hz_i_6/O
                         net (fo=1, routed)           0.303     7.177    tick_1hz_i_6_n_0
    SLICE_X4Y91          LUT6 (Prop_lut6_I0_O)        0.124     7.301 f  tick_1hz_i_4/O
                         net (fo=1, routed)           0.559     7.861    tick_1hz_i_4_n_0
    SLICE_X4Y94          LUT6 (Prop_lut6_I4_O)        0.124     7.985 r  tick_1hz_i_1/O
                         net (fo=28, routed)          0.955     8.940    clear
    SLICE_X3Y93          FDRE                                         r  counter_1hz_reg[14]/R
  -------------------------------------------------------------------    -------------------

                         (clock sys_clk_pin rise edge)
                                                     10.000    10.000 r  
    E3                                                0.000    10.000 r  clk (IN)
                         net (fo=0)                   0.000    10.000    clk
    E3                   IBUF (Prop_ibuf_I_O)         1.411    11.411 r  clk_IBUF_inst/O
                         net (fo=1, routed)           1.920    13.331    clk_IBUF
    BUFGCTRL_X0Y16       BUFG (Prop_bufg_I_O)         0.091    13.422 r  clk_IBUF_BUFG_inst/O
                         net (fo=80, routed)          1.605    15.028    clk_IBUF_BUFG
    SLICE_X3Y93          FDRE                                         r  counter_1hz_reg[14]/C
                         clock pessimism              0.275    15.303    
                         clock uncertainty           -0.035    15.267    
    SLICE_X3Y93          FDRE (Setup_fdre_C_R)       -0.429    14.838    counter_1hz_reg[14]
  -------------------------------------------------------------------
                         required time                         14.838    
                         arrival time                          -8.940    
  -------------------------------------------------------------------
                         slack                                  5.898    

Slack (MET) :             5.898ns  (required time - arrival time)
  Source:                 counter_1hz_reg[9]/C
                            (rising edge-triggered cell FDRE clocked by sys_clk_pin  {rise@0.000ns fall@5.000ns period=10.000ns})
  Destination:            counter_1hz_reg[15]/R
                            (rising edge-triggered cell FDRE clocked by sys_clk_pin  {rise@0.000ns fall@5.000ns period=10.000ns})
  Path Group:             sys_clk_pin
  Path Type:              Setup (Max at Slow Process Corner)
  Requirement:            10.000ns  (sys_clk_pin rise@10.000ns - sys_clk_pin rise@0.000ns)
  Data Path Delay:        3.613ns  (logic 0.828ns (22.916%)  route 2.785ns (77.084%))
  Logic Levels:           3  (LUT5=1 LUT6=2)
  Clock Path Skew:        -0.024ns (DCD - SCD + CPR)
    Destination Clock Delay (DCD):    5.028ns = ( 15.028 - 10.000 ) 
    Source Clock Delay      (SCD):    5.327ns
    Clock Pessimism Removal (CPR):    0.275ns
  Clock Uncertainty:      0.035ns  ((TSJ^2 + TIJ^2)^1/2 + DJ) / 2 + PE
    Total System Jitter     (TSJ):    0.071ns
    Total Input Jitter      (TIJ):    0.000ns
    Discrete Jitter          (DJ):    0.000ns
    Phase Error              (PE):    0.000ns

    Location             Delay type                Incr(ns)  Path(ns)    Netlist Resource(s)
  -------------------------------------------------------------------    -------------------
                         (clock sys_clk_pin rise edge)
                                                      0.000     0.000 r  
    E3                                                0.000     0.000 r  clk (IN)
                         net (fo=0)                   0.000     0.000    clk
    E3                   IBUF (Prop_ibuf_I_O)         1.482     1.482 r  clk_IBUF_inst/O
                         net (fo=1, routed)           2.025     3.506    clk_IBUF
    BUFGCTRL_X0Y16       BUFG (Prop_bufg_I_O)         0.096     3.602 r  clk_IBUF_BUFG_inst/O
                         net (fo=80, routed)          1.724     5.327    clk_IBUF_BUFG
    SLICE_X3Y92          FDRE                                         r  counter_1hz_reg[9]/C
  -------------------------------------------------------------------    -------------------
    SLICE_X3Y92          FDRE (Prop_fdre_C_Q)         0.456     5.783 r  counter_1hz_reg[9]/Q
                         net (fo=2, routed)           0.968     6.751    counter_1hz_reg[9]
    SLICE_X4Y92          LUT5 (Prop_lut5_I1_O)        0.124     6.875 f  tick_1hz_i_6/O
                         net (fo=1, routed)           0.303     7.177    tick_1hz_i_6_n_0
    SLICE_X4Y91          LUT6 (Prop_lut6_I0_O)        0.124     7.301 f  tick_1hz_i_4/O
                         net (fo=1, routed)           0.559     7.861    tick_1hz_i_4_n_0
    SLICE_X4Y94          LUT6 (Prop_lut6_I4_O)        0.124     7.985 r  tick_1hz_i_1/O
                         net (fo=28, routed)          0.955     8.940    clear
    SLICE_X3Y93          FDRE                                         r  counter_1hz_reg[15]/R
  -------------------------------------------------------------------    -------------------

                         (clock sys_clk_pin rise edge)
                                                     10.000    10.000 r  
    E3                                                0.000    10.000 r  clk (IN)
                         net (fo=0)                   0.000    10.000    clk
    E3                   IBUF (Prop_ibuf_I_O)         1.411    11.411 r  clk_IBUF_inst/O
                         net (fo=1, routed)           1.920    13.331    clk_IBUF
    BUFGCTRL_X0Y16       BUFG (Prop_bufg_I_O)         0.091    13.422 r  clk_IBUF_BUFG_inst/O
                         net (fo=80, routed)          1.605    15.028    clk_IBUF_BUFG
    SLICE_X3Y93          FDRE                                         r  counter_1hz_reg[15]/C
                         clock pessimism              0.275    15.303    
                         clock uncertainty           -0.035    15.267    
    SLICE_X3Y93          FDRE (Setup_fdre_C_R)       -0.429    14.838    counter_1hz_reg[15]
  -------------------------------------------------------------------
                         required time                         14.838    
                         arrival time                          -8.940    
  -------------------------------------------------------------------
                         slack                                  5.898    

Slack (MET) :             5.913ns  (required time - arrival time)
  Source:                 counter_1hz_reg[9]/C
                            (rising edge-triggered cell FDRE clocked by sys_clk_pin  {rise@0.000ns fall@5.000ns period=10.000ns})
  Destination:            counter_1hz_reg[0]/R
                            (rising edge-triggered cell FDRE clocked by sys_clk_pin  {rise@0.000ns fall@5.000ns period=10.000ns})
  Path Group:             sys_clk_pin
  Path Type:              Setup (Max at Slow Process Corner)
  Requirement:            10.000ns  (sys_clk_pin rise@10.000ns - sys_clk_pin rise@0.000ns)
  Data Path Delay:        3.597ns  (logic 0.828ns (23.022%)  route 2.769ns (76.978%))
  Logic Levels:           3  (LUT5=1 LUT6=2)
  Clock Path Skew:        -0.026ns (DCD - SCD + CPR)
    Destination Clock Delay (DCD):    5.026ns = ( 15.026 - 10.000 ) 
    Source Clock Delay      (SCD):    5.327ns
    Clock Pessimism Removal (CPR):    0.275ns
  Clock Uncertainty:      0.035ns  ((TSJ^2 + TIJ^2)^1/2 + DJ) / 2 + PE
    Total System Jitter     (TSJ):    0.071ns
    Total Input Jitter      (TIJ):    0.000ns
    Discrete Jitter          (DJ):    0.000ns
    Phase Error              (PE):    0.000ns

    Location             Delay type                Incr(ns)  Path(ns)    Netlist Resource(s)
  -------------------------------------------------------------------    -------------------
                         (clock sys_clk_pin rise edge)
                                                      0.000     0.000 r  
    E3                                                0.000     0.000 r  clk (IN)
                         net (fo=0)                   0.000     0.000    clk
    E3                   IBUF (Prop_ibuf_I_O)         1.482     1.482 r  clk_IBUF_inst/O
                         net (fo=1, routed)           2.025     3.506    clk_IBUF
    BUFGCTRL_X0Y16       BUFG (Prop_bufg_I_O)         0.096     3.602 r  clk_IBUF_BUFG_inst/O
                         net (fo=80, routed)          1.724     5.327    clk_IBUF_BUFG
    SLICE_X3Y92          FDRE                                         r  counter_1hz_reg[9]/C
  -------------------------------------------------------------------    -------------------
    SLICE_X3Y92          FDRE (Prop_fdre_C_Q)         0.456     5.783 r  counter_1hz_reg[9]/Q
                         net (fo=2, routed)           0.968     6.751    counter_1hz_reg[9]
    SLICE_X4Y92          LUT5 (Prop_lut5_I1_O)        0.124     6.875 f  tick_1hz_i_6/O
                         net (fo=1, routed)           0.303     7.177    tick_1hz_i_6_n_0
    SLICE_X4Y91          LUT6 (Prop_lut6_I0_O)        0.124     7.301 f  tick_1hz_i_4/O
                         net (fo=1, routed)           0.559     7.861    tick_1hz_i_4_n_0
    SLICE_X4Y94          LUT6 (Prop_lut6_I4_O)        0.124     7.985 r  tick_1hz_i_1/O
                         net (fo=28, routed)          0.939     8.923    clear
    SLICE_X3Y90          FDRE                                         r  counter_1hz_reg[0]/R
  -------------------------------------------------------------------    -------------------

                         (clock sys_clk_pin rise edge)
                                                     10.000    10.000 r  
    E3                                                0.000    10.000 r  clk (IN)
                         net (fo=0)                   0.000    10.000    clk
    E3                   IBUF (Prop_ibuf_I_O)         1.411    11.411 r  clk_IBUF_inst/O
                         net (fo=1, routed)           1.920    13.331    clk_IBUF
    BUFGCTRL_X0Y16       BUFG (Prop_bufg_I_O)         0.091    13.422 r  clk_IBUF_BUFG_inst/O
                         net (fo=80, routed)          1.603    15.026    clk_IBUF_BUFG
    SLICE_X3Y90          FDRE                                         r  counter_1hz_reg[0]/C
                         clock pessimism              0.275    15.301    
                         clock uncertainty           -0.035    15.265    
    SLICE_X3Y90          FDRE (Setup_fdre_C_R)       -0.429    14.836    counter_1hz_reg[0]
  -------------------------------------------------------------------
                         required time                         14.836    
                         arrival time                          -8.923    
  -------------------------------------------------------------------
                         slack                                  5.913    

Slack (MET) :             5.913ns  (required time - arrival time)
  Source:                 counter_1hz_reg[9]/C
                            (rising edge-triggered cell FDRE clocked by sys_clk_pin  {rise@0.000ns fall@5.000ns period=10.000ns})
  Destination:            counter_1hz_reg[1]/R
                            (rising edge-triggered cell FDRE clocked by sys_clk_pin  {rise@0.000ns fall@5.000ns period=10.000ns})
  Path Group:             sys_clk_pin
  Path Type:              Setup (Max at Slow Process Corner)
  Requirement:            10.000ns  (sys_clk_pin rise@10.000ns - sys_clk_pin rise@0.000ns)
  Data Path Delay:        3.597ns  (logic 0.828ns (23.022%)  route 2.769ns (76.978%))
  Logic Levels:           3  (LUT5=1 LUT6=2)
  Clock Path Skew:        -0.026ns (DCD - SCD + CPR)
    Destination Clock Delay (DCD):    5.026ns = ( 15.026 - 10.000 ) 
    Source Clock Delay      (SCD):    5.327ns
    Clock Pessimism Removal (CPR):    0.275ns
  Clock Uncertainty:      0.035ns  ((TSJ^2 + TIJ^2)^1/2 + DJ) / 2 + PE
    Total System Jitter     (TSJ):    0.071ns
    Total Input Jitter      (TIJ):    0.000ns
    Discrete Jitter          (DJ):    0.000ns
    Phase Error              (PE):    0.000ns

    Location             Delay type                Incr(ns)  Path(ns)    Netlist Resource(s)
  -------------------------------------------------------------------    -------------------
                         (clock sys_clk_pin rise edge)
                                                      0.000     0.000 r  
    E3                                                0.000     0.000 r  clk (IN)
                         net (fo=0)                   0.000     0.000    clk
    E3                   IBUF (Prop_ibuf_I_O)         1.482     1.482 r  clk_IBUF_inst/O
                         net (fo=1, routed)           2.025     3.506    clk_IBUF
    BUFGCTRL_X0Y16       BUFG (Prop_bufg_I_O)         0.096     3.602 r  clk_IBUF_BUFG_inst/O
                         net (fo=80, routed)          1.724     5.327    clk_IBUF_BUFG
    SLICE_X3Y92          FDRE                                         r  counter_1hz_reg[9]/C
  -------------------------------------------------------------------    -------------------
    SLICE_X3Y92          FDRE (Prop_fdre_C_Q)         0.456     5.783 r  counter_1hz_reg[9]/Q
                         net (fo=2, routed)           0.968     6.751    counter_1hz_reg[9]
    SLICE_X4Y92          LUT5 (Prop_lut5_I1_O)        0.124     6.875 f  tick_1hz_i_6/O
                         net (fo=1, routed)           0.303     7.177    tick_1hz_i_6_n_0
    SLICE_X4Y91          LUT6 (Prop_lut6_I0_O)        0.124     7.301 f  tick_1hz_i_4/O
                         net (fo=1, routed)           0.559     7.861    tick_1hz_i_4_n_0
    SLICE_X4Y94          LUT6 (Prop_lut6_I4_O)        0.124     7.985 r  tick_1hz_i_1/O
                         net (fo=28, routed)          0.939     8.923    clear
    SLICE_X3Y90          FDRE                                         r  counter_1hz_reg[1]/R
  -------------------------------------------------------------------    -------------------

                         (clock sys_clk_pin rise edge)
                                                     10.000    10.000 r  
    E3                                                0.000    10.000 r  clk (IN)
                         net (fo=0)                   0.000    10.000    clk
    E3                   IBUF (Prop_ibuf_I_O)         1.411    11.411 r  clk_IBUF_inst/O
                         net (fo=1, routed)           1.920    13.331    clk_IBUF
    BUFGCTRL_X0Y16       BUFG (Prop_bufg_I_O)         0.091    13.422 r  clk_IBUF_BUFG_inst/O
                         net (fo=80, routed)          1.603    15.026    clk_IBUF_BUFG
    SLICE_X3Y90          FDRE                                         r  counter_1hz_reg[1]/C
                         clock pessimism              0.275    15.301    
                         clock uncertainty           -0.035    15.265    
    SLICE_X3Y90          FDRE (Setup_fdre_C_R)       -0.429    14.836    counter_1hz_reg[1]
  -------------------------------------------------------------------
                         required time                         14.836    
                         arrival time                          -8.923    
  -------------------------------------------------------------------
                         slack                                  5.913    





Min Delay Paths
--------------------------------------------------------------------------------------
Slack (MET) :             0.121ns  (arrival time - required time)
  Source:                 lfsr_reg[4]/C
                            (rising edge-triggered cell FDRE clocked by sys_clk_pin  {rise@0.000ns fall@5.000ns period=10.000ns})
  Destination:            lfsr_reg[0]/D
                            (rising edge-triggered cell FDRE clocked by sys_clk_pin  {rise@0.000ns fall@5.000ns period=10.000ns})
  Path Group:             sys_clk_pin
  Path Type:              Hold (Min at Fast Process Corner)
  Requirement:            0.000ns  (sys_clk_pin rise@0.000ns - sys_clk_pin rise@0.000ns)
  Data Path Delay:        0.254ns  (logic 0.186ns (73.141%)  route 0.068ns (26.859%))
  Logic Levels:           1  (LUT4=1)
  Clock Path Skew:        0.013ns (DCD - SCD - CPR)
    Destination Clock Delay (DCD):    2.038ns
    Source Clock Delay      (SCD):    1.521ns
    Clock Pessimism Removal (CPR):    0.503ns

    Location             Delay type                Incr(ns)  Path(ns)    Netlist Resource(s)
  -------------------------------------------------------------------    -------------------
                         (clock sys_clk_pin rise edge)
                                                      0.000     0.000 r  
    E3                                                0.000     0.000 r  clk (IN)
                         net (fo=0)                   0.000     0.000    clk
    E3                   IBUF (Prop_ibuf_I_O)         0.250     0.250 r  clk_IBUF_inst/O
                         net (fo=1, routed)           0.644     0.894    clk_IBUF
    BUFGCTRL_X0Y16       BUFG (Prop_bufg_I_O)         0.026     0.920 r  clk_IBUF_BUFG_inst/O
                         net (fo=80, routed)          0.602     1.521    clk_IBUF_BUFG
    SLICE_X7Y91          FDRE                                         r  lfsr_reg[4]/C
  -------------------------------------------------------------------    -------------------
    SLICE_X7Y91          FDRE (Prop_fdre_C_Q)         0.141     1.662 r  lfsr_reg[4]/Q
                         net (fo=2, routed)           0.068     1.731    lfsr_reg_n_0_[4]
    SLICE_X6Y91          LUT4 (Prop_lut4_I0_O)        0.045     1.776 r  lfsr[0]_i_1/O
                         net (fo=1, routed)           0.000     1.776    p_0_out[0]
    SLICE_X6Y91          FDRE                                         r  lfsr_reg[0]/D
  -------------------------------------------------------------------    -------------------

                         (clock sys_clk_pin rise edge)
                                                      0.000     0.000 r  
    E3                                                0.000     0.000 r  clk (IN)
                         net (fo=0)                   0.000     0.000    clk
    E3                   IBUF (Prop_ibuf_I_O)         0.438     0.438 r  clk_IBUF_inst/O
                         net (fo=1, routed)           0.699     1.136    clk_IBUF
    BUFGCTRL_X0Y16       BUFG (Prop_bufg_I_O)         0.029     1.165 r  clk_IBUF_BUFG_inst/O
                         net (fo=80, routed)          0.873     2.038    clk_IBUF_BUFG
    SLICE_X6Y91          FDRE                                         r  lfsr_reg[0]/C
                         clock pessimism             -0.503     1.534    
    SLICE_X6Y91          FDRE (Hold_fdre_C_D)         0.120     1.654    lfsr_reg[0]
  -------------------------------------------------------------------
                         required time                         -1.654    
                         arrival time                           1.776    
  -------------------------------------------------------------------
                         slack                                  0.121    

Slack (MET) :             0.197ns  (arrival time - required time)
  Source:                 tick_1khz_reg/C
                            (rising edge-triggered cell FDRE clocked by sys_clk_pin  {rise@0.000ns fall@5.000ns period=10.000ns})
  Destination:            an_reg[0]/D
                            (rising edge-triggered cell FDRE clocked by sys_clk_pin  {rise@0.000ns fall@5.000ns period=10.000ns})
  Path Group:             sys_clk_pin
  Path Type:              Hold (Min at Fast Process Corner)
  Requirement:            0.000ns  (sys_clk_pin rise@0.000ns - sys_clk_pin rise@0.000ns)
  Data Path Delay:        0.284ns  (logic 0.141ns (49.611%)  route 0.143ns (50.389%))
  Logic Levels:           0  
  Clock Path Skew:        0.017ns (DCD - SCD - CPR)
    Destination Clock Delay (DCD):    2.039ns
    Source Clock Delay      (SCD):    1.521ns
    Clock Pessimism Removal (CPR):    0.500ns

    Location             Delay type                Incr(ns)  Path(ns)    Netlist Resource(s)
  -------------------------------------------------------------------    -------------------
                         (clock sys_clk_pin rise edge)
                                                      0.000     0.000 r  
    E3                                                0.000     0.000 r  clk (IN)
                         net (fo=0)                   0.000     0.000    clk
    E3                   IBUF (Prop_ibuf_I_O)         0.250     0.250 r  clk_IBUF_inst/O
                         net (fo=1, routed)           0.644     0.894    clk_IBUF
    BUFGCTRL_X0Y16       BUFG (Prop_bufg_I_O)         0.026     0.920 r  clk_IBUF_BUFG_inst/O
                         net (fo=80, routed)          0.602     1.521    clk_IBUF_BUFG
    SLICE_X4Y92          FDRE                                         r  tick_1khz_reg/C
  -------------------------------------------------------------------    -------------------
    SLICE_X4Y92          FDRE (Prop_fdre_C_Q)         0.141     1.662 r  tick_1khz_reg/Q
                         net (fo=9, routed)           0.143     1.806    tick_1khz
    SLICE_X4Y94          FDRE                                         r  an_reg[0]/D
  -------------------------------------------------------------------    -------------------

                         (clock sys_clk_pin rise edge)
                                                      0.000     0.000 r  
    E3                                                0.000     0.000 r  clk (IN)
                         net (fo=0)                   0.000     0.000    clk
    E3                   IBUF (Prop_ibuf_I_O)         0.438     0.438 r  clk_IBUF_inst/O
                         net (fo=1, routed)           0.699     1.136    clk_IBUF
    BUFGCTRL_X0Y16       BUFG (Prop_bufg_I_O)         0.029     1.165 r  clk_IBUF_BUFG_inst/O
                         net (fo=80, routed)          0.874     2.039    clk_IBUF_BUFG
    SLICE_X4Y94          FDRE                                         r  an_reg[0]/C
                         clock pessimism             -0.500     1.538    
    SLICE_X4Y94          FDRE (Hold_fdre_C_D)         0.070     1.608    an_reg[0]
  -------------------------------------------------------------------
                         required time                         -1.608    
                         arrival time                           1.806    
  -------------------------------------------------------------------
                         slack                                  0.197    

Slack (MET) :             0.240ns  (arrival time - required time)
  Source:                 score_tens_reg[1]/C
                            (rising edge-triggered cell FDRE clocked by sys_clk_pin  {rise@0.000ns fall@5.000ns period=10.000ns})
  Destination:            hex_to_display_reg[1]/D
                            (rising edge-triggered cell FDRE clocked by sys_clk_pin  {rise@0.000ns fall@5.000ns period=10.000ns})
  Path Group:             sys_clk_pin
  Path Type:              Hold (Min at Fast Process Corner)
  Requirement:            0.000ns  (sys_clk_pin rise@0.000ns - sys_clk_pin rise@0.000ns)
  Data Path Delay:        0.347ns  (logic 0.186ns (53.544%)  route 0.161ns (46.456%))
  Logic Levels:           1  (LUT3=1)
  Clock Path Skew:        0.015ns (DCD - SCD - CPR)
    Destination Clock Delay (DCD):    2.038ns
    Source Clock Delay      (SCD):    1.522ns
    Clock Pessimism Removal (CPR):    0.500ns

    Location             Delay type                Incr(ns)  Path(ns)    Netlist Resource(s)
  -------------------------------------------------------------------    -------------------
                         (clock sys_clk_pin rise edge)
                                                      0.000     0.000 r  
    E3                                                0.000     0.000 r  clk (IN)
                         net (fo=0)                   0.000     0.000    clk
    E3                   IBUF (Prop_ibuf_I_O)         0.250     0.250 r  clk_IBUF_inst/O
                         net (fo=1, routed)           0.644     0.894    clk_IBUF
    BUFGCTRL_X0Y16       BUFG (Prop_bufg_I_O)         0.026     0.920 r  clk_IBUF_BUFG_inst/O
                         net (fo=80, routed)          0.603     1.522    clk_IBUF_BUFG
    SLICE_X5Y93          FDRE                                         r  score_tens_reg[1]/C
  -------------------------------------------------------------------    -------------------
    SLICE_X5Y93          FDRE (Prop_fdre_C_Q)         0.141     1.663 r  score_tens_reg[1]/Q
                         net (fo=4, routed)           0.161     1.825    score_tens_reg_n_0_[1]
    SLICE_X5Y92          LUT3 (Prop_lut3_I1_O)        0.045     1.870 r  hex_to_display[1]_i_1/O
                         net (fo=1, routed)           0.000     1.870    hex_to_display[1]_i_1_n_0
    SLICE_X5Y92          FDRE                                         r  hex_to_display_reg[1]/D
  -------------------------------------------------------------------    -------------------

                         (clock sys_clk_pin rise edge)
                                                      0.000     0.000 r  
    E3                                                0.000     0.000 r  clk (IN)
                         net (fo=0)                   0.000     0.000    clk
    E3                   IBUF (Prop_ibuf_I_O)         0.438     0.438 r  clk_IBUF_inst/O
                         net (fo=1, routed)           0.699     1.136    clk_IBUF
    BUFGCTRL_X0Y16       BUFG (Prop_bufg_I_O)         0.029     1.165 r  clk_IBUF_BUFG_inst/O
                         net (fo=80, routed)          0.873     2.038    clk_IBUF_BUFG
    SLICE_X5Y92          FDRE                                         r  hex_to_display_reg[1]/C
                         clock pessimism             -0.500     1.537    
    SLICE_X5Y92          FDRE (Hold_fdre_C_D)         0.092     1.629    hex_to_display_reg[1]
  -------------------------------------------------------------------
                         required time                         -1.629    
                         arrival time                           1.870    
  -------------------------------------------------------------------
                         slack                                  0.240    

Slack (MET) :             0.243ns  (arrival time - required time)
  Source:                 lfsr_reg[1]/C
                            (rising edge-triggered cell FDSE clocked by sys_clk_pin  {rise@0.000ns fall@5.000ns period=10.000ns})
  Destination:            active_mole_reg[1]/D
                            (rising edge-triggered cell FDRE clocked by sys_clk_pin  {rise@0.000ns fall@5.000ns period=10.000ns})
  Path Group:             sys_clk_pin
  Path Type:              Hold (Min at Fast Process Corner)
  Requirement:            0.000ns  (sys_clk_pin rise@0.000ns - sys_clk_pin rise@0.000ns)
  Data Path Delay:        0.363ns  (logic 0.209ns (57.568%)  route 0.154ns (42.432%))
  Logic Levels:           1  (LUT3=1)
  Clock Path Skew:        0.000ns (DCD - SCD - CPR)
    Destination Clock Delay (DCD):    2.039ns
    Source Clock Delay      (SCD):    1.522ns
    Clock Pessimism Removal (CPR):    0.516ns

    Location             Delay type                Incr(ns)  Path(ns)    Netlist Resource(s)
  -------------------------------------------------------------------    -------------------
                         (clock sys_clk_pin rise edge)
                                                      0.000     0.000 r  
    E3                                                0.000     0.000 r  clk (IN)
                         net (fo=0)                   0.000     0.000    clk
    E3                   IBUF (Prop_ibuf_I_O)         0.250     0.250 r  clk_IBUF_inst/O
                         net (fo=1, routed)           0.644     0.894    clk_IBUF
    BUFGCTRL_X0Y16       BUFG (Prop_bufg_I_O)         0.026     0.920 r  clk_IBUF_BUFG_inst/O
                         net (fo=80, routed)          0.603     1.522    clk_IBUF_BUFG
    SLICE_X6Y93          FDSE                                         r  lfsr_reg[1]/C
  -------------------------------------------------------------------    -------------------
    SLICE_X6Y93          FDSE (Prop_fdse_C_Q)         0.164     1.686 r  lfsr_reg[1]/Q
                         net (fo=2, routed)           0.154     1.840    lfsr_reg_n_0_[1]
    SLICE_X6Y93          LUT3 (Prop_lut3_I0_O)        0.045     1.885 r  active_mole[1]_i_1/O
                         net (fo=1, routed)           0.000     1.885    active_mole[1]_i_1_n_0
    SLICE_X6Y93          FDRE                                         r  active_mole_reg[1]/D
  -------------------------------------------------------------------    -------------------

                         (clock sys_clk_pin rise edge)
                                                      0.000     0.000 r  
    E3                                                0.000     0.000 r  clk (IN)
                         net (fo=0)                   0.000     0.000    clk
    E3                   IBUF (Prop_ibuf_I_O)         0.438     0.438 r  clk_IBUF_inst/O
                         net (fo=1, routed)           0.699     1.136    clk_IBUF
    BUFGCTRL_X0Y16       BUFG (Prop_bufg_I_O)         0.029     1.165 r  clk_IBUF_BUFG_inst/O
                         net (fo=80, routed)          0.874     2.039    clk_IBUF_BUFG
    SLICE_X6Y93          FDRE                                         r  active_mole_reg[1]/C
                         clock pessimism             -0.516     1.522    
    SLICE_X6Y93          FDRE (Hold_fdre_C_D)         0.120     1.642    active_mole_reg[1]
  -------------------------------------------------------------------
                         required time                         -1.642    
                         arrival time                           1.885    
  -------------------------------------------------------------------
                         slack                                  0.243    

Slack (MET) :             0.248ns  (arrival time - required time)
  Source:                 score_ones_reg[0]/C
                            (rising edge-triggered cell FDRE clocked by sys_clk_pin  {rise@0.000ns fall@5.000ns period=10.000ns})
  Destination:            hex_to_display_reg[0]/D
                            (rising edge-triggered cell FDRE clocked by sys_clk_pin  {rise@0.000ns fall@5.000ns period=10.000ns})
  Path Group:             sys_clk_pin
  Path Type:              Hold (Min at Fast Process Corner)
  Requirement:            0.000ns  (sys_clk_pin rise@0.000ns - sys_clk_pin rise@0.000ns)
  Data Path Delay:        0.356ns  (logic 0.209ns (58.694%)  route 0.147ns (41.306%))
  Logic Levels:           1  (LUT3=1)
  Clock Path Skew:        0.016ns (DCD - SCD - CPR)
    Destination Clock Delay (DCD):    2.038ns
    Source Clock Delay      (SCD):    1.521ns
    Clock Pessimism Removal (CPR):    0.500ns

    Location             Delay type                Incr(ns)  Path(ns)    Netlist Resource(s)
  -------------------------------------------------------------------    -------------------
                         (clock sys_clk_pin rise edge)
                                                      0.000     0.000 r  
    E3                                                0.000     0.000 r  clk (IN)
                         net (fo=0)                   0.000     0.000    clk
    E3                   IBUF (Prop_ibuf_I_O)         0.250     0.250 r  clk_IBUF_inst/O
                         net (fo=1, routed)           0.644     0.894    clk_IBUF
    BUFGCTRL_X0Y16       BUFG (Prop_bufg_I_O)         0.026     0.920 r  clk_IBUF_BUFG_inst/O
                         net (fo=80, routed)          0.602     1.521    clk_IBUF_BUFG
    SLICE_X6Y92          FDRE                                         r  score_ones_reg[0]/C
  -------------------------------------------------------------------    -------------------
    SLICE_X6Y92          FDRE (Prop_fdre_C_Q)         0.164     1.685 r  score_ones_reg[0]/Q
                         net (fo=6, routed)           0.147     1.832    score_ones_reg_n_0_[0]
    SLICE_X5Y92          LUT3 (Prop_lut3_I0_O)        0.045     1.877 r  hex_to_display[0]_i_1/O
                         net (fo=1, routed)           0.000     1.877    hex_to_display[0]_i_1_n_0
    SLICE_X5Y92          FDRE                                         r  hex_to_display_reg[0]/D
  -------------------------------------------------------------------    -------------------

                         (clock sys_clk_pin rise edge)
                                                      0.000     0.000 r  
    E3                                                0.000     0.000 r  clk (IN)
                         net (fo=0)                   0.000     0.000    clk
    E3                   IBUF (Prop_ibuf_I_O)         0.438     0.438 r  clk_IBUF_inst/O
                         net (fo=1, routed)           0.699     1.136    clk_IBUF
    BUFGCTRL_X0Y16       BUFG (Prop_bufg_I_O)         0.029     1.165 r  clk_IBUF_BUFG_inst/O
                         net (fo=80, routed)          0.873     2.038    clk_IBUF_BUFG
    SLICE_X5Y92          FDRE                                         r  hex_to_display_reg[0]/C
                         clock pessimism             -0.500     1.537    
    SLICE_X5Y92          FDRE (Hold_fdre_C_D)         0.092     1.629    hex_to_display_reg[0]
  -------------------------------------------------------------------
                         required time                         -1.629    
                         arrival time                           1.877    
  -------------------------------------------------------------------
                         slack                                  0.248    

Slack (MET) :             0.255ns  (arrival time - required time)
  Source:                 score_tens_reg[0]/C
                            (rising edge-triggered cell FDRE clocked by sys_clk_pin  {rise@0.000ns fall@5.000ns period=10.000ns})
  Destination:            score_tens_reg[2]/D
                            (rising edge-triggered cell FDRE clocked by sys_clk_pin  {rise@0.000ns fall@5.000ns period=10.000ns})
  Path Group:             sys_clk_pin
  Path Type:              Hold (Min at Fast Process Corner)
  Requirement:            0.000ns  (sys_clk_pin rise@0.000ns - sys_clk_pin rise@0.000ns)
  Data Path Delay:        0.362ns  (logic 0.183ns (50.505%)  route 0.179ns (49.495%))
  Logic Levels:           1  (LUT3=1)
  Clock Path Skew:        0.000ns (DCD - SCD - CPR)
    Destination Clock Delay (DCD):    2.039ns
    Source Clock Delay      (SCD):    1.522ns
    Clock Pessimism Removal (CPR):    0.516ns

    Location             Delay type                Incr(ns)  Path(ns)    Netlist Resource(s)
  -------------------------------------------------------------------    -------------------
                         (clock sys_clk_pin rise edge)
                                                      0.000     0.000 r  
    E3                                                0.000     0.000 r  clk (IN)
                         net (fo=0)                   0.000     0.000    clk
    E3                   IBUF (Prop_ibuf_I_O)         0.250     0.250 r  clk_IBUF_inst/O
                         net (fo=1, routed)           0.644     0.894    clk_IBUF
    BUFGCTRL_X0Y16       BUFG (Prop_bufg_I_O)         0.026     0.920 r  clk_IBUF_BUFG_inst/O
                         net (fo=80, routed)          0.603     1.522    clk_IBUF_BUFG
    SLICE_X5Y93          FDRE                                         r  score_tens_reg[0]/C
  -------------------------------------------------------------------    -------------------
    SLICE_X5Y93          FDRE (Prop_fdre_C_Q)         0.141     1.663 r  score_tens_reg[0]/Q
                         net (fo=5, routed)           0.179     1.843    score_tens_reg_n_0_[0]
    SLICE_X5Y93          LUT3 (Prop_lut3_I1_O)        0.042     1.885 r  score_tens[2]_i_1/O
                         net (fo=1, routed)           0.000     1.885    score_tens[2]_i_1_n_0
    SLICE_X5Y93          FDRE                                         r  score_tens_reg[2]/D
  -------------------------------------------------------------------    -------------------

                         (clock sys_clk_pin rise edge)
                                                      0.000     0.000 r  
    E3                                                0.000     0.000 r  clk (IN)
                         net (fo=0)                   0.000     0.000    clk
    E3                   IBUF (Prop_ibuf_I_O)         0.438     0.438 r  clk_IBUF_inst/O
                         net (fo=1, routed)           0.699     1.136    clk_IBUF
    BUFGCTRL_X0Y16       BUFG (Prop_bufg_I_O)         0.029     1.165 r  clk_IBUF_BUFG_inst/O
                         net (fo=80, routed)          0.874     2.039    clk_IBUF_BUFG
    SLICE_X5Y93          FDRE                                         r  score_tens_reg[2]/C
                         clock pessimism             -0.516     1.522    
    SLICE_X5Y93          FDRE (Hold_fdre_C_D)         0.107     1.629    score_tens_reg[2]
  -------------------------------------------------------------------
                         required time                         -1.629    
                         arrival time                           1.885    
  -------------------------------------------------------------------
                         slack                                  0.255    

Slack (MET) :             0.256ns  (arrival time - required time)
  Source:                 display_toggle_reg/C
                            (rising edge-triggered cell FDRE clocked by sys_clk_pin  {rise@0.000ns fall@5.000ns period=10.000ns})
  Destination:            hex_to_display_reg[2]/D
                            (rising edge-triggered cell FDRE clocked by sys_clk_pin  {rise@0.000ns fall@5.000ns period=10.000ns})
  Path Group:             sys_clk_pin
  Path Type:              Hold (Min at Fast Process Corner)
  Requirement:            0.000ns  (sys_clk_pin rise@0.000ns - sys_clk_pin rise@0.000ns)
  Data Path Delay:        0.363ns  (logic 0.183ns (50.353%)  route 0.180ns (49.647%))
  Logic Levels:           1  (LUT3=1)
  Clock Path Skew:        0.000ns (DCD - SCD - CPR)
    Destination Clock Delay (DCD):    2.038ns
    Source Clock Delay      (SCD):    1.521ns
    Clock Pessimism Removal (CPR):    0.516ns

    Location             Delay type                Incr(ns)  Path(ns)    Netlist Resource(s)
  -------------------------------------------------------------------    -------------------
                         (clock sys_clk_pin rise edge)
                                                      0.000     0.000 r  
    E3                                                0.000     0.000 r  clk (IN)
                         net (fo=0)                   0.000     0.000    clk
    E3                   IBUF (Prop_ibuf_I_O)         0.250     0.250 r  clk_IBUF_inst/O
                         net (fo=1, routed)           0.644     0.894    clk_IBUF
    BUFGCTRL_X0Y16       BUFG (Prop_bufg_I_O)         0.026     0.920 r  clk_IBUF_BUFG_inst/O
                         net (fo=80, routed)          0.602     1.521    clk_IBUF_BUFG
    SLICE_X5Y92          FDRE                                         r  display_toggle_reg/C
  -------------------------------------------------------------------    -------------------
    SLICE_X5Y92          FDRE (Prop_fdre_C_Q)         0.141     1.662 r  display_toggle_reg/Q
                         net (fo=6, routed)           0.180     1.843    display_toggle
    SLICE_X5Y92          LUT3 (Prop_lut3_I2_O)        0.042     1.885 r  hex_to_display[2]_i_1/O
                         net (fo=1, routed)           0.000     1.885    hex_to_display[2]_i_1_n_0
    SLICE_X5Y92          FDRE                                         r  hex_to_display_reg[2]/D
  -------------------------------------------------------------------    -------------------

                         (clock sys_clk_pin rise edge)
                                                      0.000     0.000 r  
    E3                                                0.000     0.000 r  clk (IN)
                         net (fo=0)                   0.000     0.000    clk
    E3                   IBUF (Prop_ibuf_I_O)         0.438     0.438 r  clk_IBUF_inst/O
                         net (fo=1, routed)           0.699     1.136    clk_IBUF
    BUFGCTRL_X0Y16       BUFG (Prop_bufg_I_O)         0.029     1.165 r  clk_IBUF_BUFG_inst/O
                         net (fo=80, routed)          0.873     2.038    clk_IBUF_BUFG
    SLICE_X5Y92          FDRE                                         r  hex_to_display_reg[2]/C
                         clock pessimism             -0.516     1.521    
    SLICE_X5Y92          FDRE (Hold_fdre_C_D)         0.107     1.628    hex_to_display_reg[2]
  -------------------------------------------------------------------
                         required time                         -1.628    
                         arrival time                           1.885    
  -------------------------------------------------------------------
                         slack                                  0.256    

Slack (MET) :             0.258ns  (arrival time - required time)
  Source:                 score_tens_reg[0]/C
                            (rising edge-triggered cell FDRE clocked by sys_clk_pin  {rise@0.000ns fall@5.000ns period=10.000ns})
  Destination:            score_tens_reg[3]/D
                            (rising edge-triggered cell FDRE clocked by sys_clk_pin  {rise@0.000ns fall@5.000ns period=10.000ns})
  Path Group:             sys_clk_pin
  Path Type:              Hold (Min at Fast Process Corner)
  Requirement:            0.000ns  (sys_clk_pin rise@0.000ns - sys_clk_pin rise@0.000ns)
  Data Path Delay:        0.365ns  (logic 0.184ns (50.364%)  route 0.181ns (49.636%))
  Logic Levels:           1  (LUT4=1)
  Clock Path Skew:        0.000ns (DCD - SCD - CPR)
    Destination Clock Delay (DCD):    2.039ns
    Source Clock Delay      (SCD):    1.522ns
    Clock Pessimism Removal (CPR):    0.516ns

    Location             Delay type                Incr(ns)  Path(ns)    Netlist Resource(s)
  -------------------------------------------------------------------    -------------------
                         (clock sys_clk_pin rise edge)
                                                      0.000     0.000 r  
    E3                                                0.000     0.000 r  clk (IN)
                         net (fo=0)                   0.000     0.000    clk
    E3                   IBUF (Prop_ibuf_I_O)         0.250     0.250 r  clk_IBUF_inst/O
                         net (fo=1, routed)           0.644     0.894    clk_IBUF
    BUFGCTRL_X0Y16       BUFG (Prop_bufg_I_O)         0.026     0.920 r  clk_IBUF_BUFG_inst/O
                         net (fo=80, routed)          0.603     1.522    clk_IBUF_BUFG
    SLICE_X5Y93          FDRE                                         r  score_tens_reg[0]/C
  -------------------------------------------------------------------    -------------------
    SLICE_X5Y93          FDRE (Prop_fdre_C_Q)         0.141     1.663 r  score_tens_reg[0]/Q
                         net (fo=5, routed)           0.181     1.845    score_tens_reg_n_0_[0]
    SLICE_X5Y93          LUT4 (Prop_lut4_I2_O)        0.043     1.888 r  score_tens[3]_i_2/O
                         net (fo=1, routed)           0.000     1.888    score_tens[3]_i_2_n_0
    SLICE_X5Y93          FDRE                                         r  score_tens_reg[3]/D
  -------------------------------------------------------------------    -------------------

                         (clock sys_clk_pin rise edge)
                                                      0.000     0.000 r  
    E3                                                0.000     0.000 r  clk (IN)
                         net (fo=0)                   0.000     0.000    clk
    E3                   IBUF (Prop_ibuf_I_O)         0.438     0.438 r  clk_IBUF_inst/O
                         net (fo=1, routed)           0.699     1.136    clk_IBUF
    BUFGCTRL_X0Y16       BUFG (Prop_bufg_I_O)         0.029     1.165 r  clk_IBUF_BUFG_inst/O
                         net (fo=80, routed)          0.874     2.039    clk_IBUF_BUFG
    SLICE_X5Y93          FDRE                                         r  score_tens_reg[3]/C
                         clock pessimism             -0.516     1.522    
    SLICE_X5Y93          FDRE (Hold_fdre_C_D)         0.107     1.629    score_tens_reg[3]
  -------------------------------------------------------------------
                         required time                         -1.629    
                         arrival time                           1.888    
  -------------------------------------------------------------------
                         slack                                  0.258    

Slack (MET) :             0.263ns  (arrival time - required time)
  Source:                 counter_1hz_reg[3]/C
                            (rising edge-triggered cell FDRE clocked by sys_clk_pin  {rise@0.000ns fall@5.000ns period=10.000ns})
  Destination:            counter_1hz_reg[3]/D
                            (rising edge-triggered cell FDRE clocked by sys_clk_pin  {rise@0.000ns fall@5.000ns period=10.000ns})
  Path Group:             sys_clk_pin
  Path Type:              Hold (Min at Fast Process Corner)
  Requirement:            0.000ns  (sys_clk_pin rise@0.000ns - sys_clk_pin rise@0.000ns)
  Data Path Delay:        0.368ns  (logic 0.249ns (67.612%)  route 0.119ns (32.388%))
  Logic Levels:           1  (CARRY4=1)
  Clock Path Skew:        0.000ns (DCD - SCD - CPR)
    Destination Clock Delay (DCD):    2.041ns
    Source Clock Delay      (SCD):    1.522ns
    Clock Pessimism Removal (CPR):    0.518ns

    Location             Delay type                Incr(ns)  Path(ns)    Netlist Resource(s)
  -------------------------------------------------------------------    -------------------
                         (clock sys_clk_pin rise edge)
                                                      0.000     0.000 r  
    E3                                                0.000     0.000 r  clk (IN)
                         net (fo=0)                   0.000     0.000    clk
    E3                   IBUF (Prop_ibuf_I_O)         0.250     0.250 r  clk_IBUF_inst/O
                         net (fo=1, routed)           0.644     0.894    clk_IBUF
    BUFGCTRL_X0Y16       BUFG (Prop_bufg_I_O)         0.026     0.920 r  clk_IBUF_BUFG_inst/O
                         net (fo=80, routed)          0.603     1.522    clk_IBUF_BUFG
    SLICE_X3Y90          FDRE                                         r  counter_1hz_reg[3]/C
  -------------------------------------------------------------------    -------------------
    SLICE_X3Y90          FDRE (Prop_fdre_C_Q)         0.141     1.663 r  counter_1hz_reg[3]/Q
                         net (fo=2, routed)           0.119     1.783    counter_1hz_reg[3]
    SLICE_X3Y90          CARRY4 (Prop_carry4_S[3]_O[3])
                                                      0.108     1.891 r  counter_1hz_reg[0]_i_1/O[3]
                         net (fo=1, routed)           0.000     1.891    counter_1hz_reg[0]_i_1_n_4
    SLICE_X3Y90          FDRE                                         r  counter_1hz_reg[3]/D
  -------------------------------------------------------------------    -------------------

                         (clock sys_clk_pin rise edge)
                                                      0.000     0.000 r  
    E3                                                0.000     0.000 r  clk (IN)
                         net (fo=0)                   0.000     0.000    clk
    E3                   IBUF (Prop_ibuf_I_O)         0.438     0.438 r  clk_IBUF_inst/O
                         net (fo=1, routed)           0.699     1.136    clk_IBUF
    BUFGCTRL_X0Y16       BUFG (Prop_bufg_I_O)         0.029     1.165 r  clk_IBUF_BUFG_inst/O
                         net (fo=80, routed)          0.876     2.041    clk_IBUF_BUFG
    SLICE_X3Y90          FDRE                                         r  counter_1hz_reg[3]/C
                         clock pessimism             -0.518     1.522    
    SLICE_X3Y90          FDRE (Hold_fdre_C_D)         0.105     1.627    counter_1hz_reg[3]
  -------------------------------------------------------------------
                         required time                         -1.627    
                         arrival time                           1.891    
  -------------------------------------------------------------------
                         slack                                  0.263    

Slack (MET) :             0.264ns  (arrival time - required time)
  Source:                 counter_1hz_reg[11]/C
                            (rising edge-triggered cell FDRE clocked by sys_clk_pin  {rise@0.000ns fall@5.000ns period=10.000ns})
  Destination:            counter_1hz_reg[11]/D
                            (rising edge-triggered cell FDRE clocked by sys_clk_pin  {rise@0.000ns fall@5.000ns period=10.000ns})
  Path Group:             sys_clk_pin
  Path Type:              Hold (Min at Fast Process Corner)
  Requirement:            0.000ns  (sys_clk_pin rise@0.000ns - sys_clk_pin rise@0.000ns)
  Data Path Delay:        0.369ns  (logic 0.249ns (67.424%)  route 0.120ns (32.576%))
  Logic Levels:           1  (CARRY4=1)
  Clock Path Skew:        0.000ns (DCD - SCD - CPR)
    Destination Clock Delay (DCD):    2.041ns
    Source Clock Delay      (SCD):    1.522ns
    Clock Pessimism Removal (CPR):    0.518ns

    Location             Delay type                Incr(ns)  Path(ns)    Netlist Resource(s)
  -------------------------------------------------------------------    -------------------
                         (clock sys_clk_pin rise edge)
                                                      0.000     0.000 r  
    E3                                                0.000     0.000 r  clk (IN)
                         net (fo=0)                   0.000     0.000    clk
    E3                   IBUF (Prop_ibuf_I_O)         0.250     0.250 r  clk_IBUF_inst/O
                         net (fo=1, routed)           0.644     0.894    clk_IBUF
    BUFGCTRL_X0Y16       BUFG (Prop_bufg_I_O)         0.026     0.920 r  clk_IBUF_BUFG_inst/O
                         net (fo=80, routed)          0.603     1.522    clk_IBUF_BUFG
    SLICE_X3Y92          FDRE                                         r  counter_1hz_reg[11]/C
  -------------------------------------------------------------------    -------------------
    SLICE_X3Y92          FDRE (Prop_fdre_C_Q)         0.141     1.663 r  counter_1hz_reg[11]/Q
                         net (fo=2, routed)           0.120     1.784    counter_1hz_reg[11]
    SLICE_X3Y92          CARRY4 (Prop_carry4_S[3]_O[3])
                                                      0.108     1.892 r  counter_1hz_reg[8]_i_1/O[3]
                         net (fo=1, routed)           0.000     1.892    counter_1hz_reg[8]_i_1_n_4
    SLICE_X3Y92          FDRE                                         r  counter_1hz_reg[11]/D
  -------------------------------------------------------------------    -------------------

                         (clock sys_clk_pin rise edge)
                                                      0.000     0.000 r  
    E3                                                0.000     0.000 r  clk (IN)
                         net (fo=0)                   0.000     0.000    clk
    E3                   IBUF (Prop_ibuf_I_O)         0.438     0.438 r  clk_IBUF_inst/O
                         net (fo=1, routed)           0.699     1.136    clk_IBUF
    BUFGCTRL_X0Y16       BUFG (Prop_bufg_I_O)         0.029     1.165 r  clk_IBUF_BUFG_inst/O
                         net (fo=80, routed)          0.876     2.041    clk_IBUF_BUFG
    SLICE_X3Y92          FDRE                                         r  counter_1hz_reg[11]/C
                         clock pessimism             -0.518     1.522    
    SLICE_X3Y92          FDRE (Hold_fdre_C_D)         0.105     1.627    counter_1hz_reg[11]
  -------------------------------------------------------------------
                         required time                         -1.627    
                         arrival time                           1.892    
  -------------------------------------------------------------------
                         slack                                  0.264    





Pulse Width Checks
--------------------------------------------------------------------------------------
Clock Name:         sys_clk_pin
Waveform(ns):       { 0.000 5.000 }
Period(ns):         10.000
Sources:            { clk }

Check Type        Corner  Lib Pin  Reference Pin  Required(ns)  Actual(ns)  Slack(ns)  Location        Pin
Min Period        n/a     BUFG/I   n/a            2.155         10.000      7.845      BUFGCTRL_X0Y16  clk_IBUF_BUFG_inst/I
Min Period        n/a     FDRE/C   n/a            1.000         10.000      9.000      SLICE_X6Y93     active_mole_reg[0]/C
Min Period        n/a     FDRE/C   n/a            1.000         10.000      9.000      SLICE_X6Y93     active_mole_reg[1]/C
Min Period        n/a     FDRE/C   n/a            1.000         10.000      9.000      SLICE_X4Y94     an_reg[0]/C
Min Period        n/a     FDSE/C   n/a            1.000         10.000      9.000      SLICE_X4Y94     an_reg[1]/C
Min Period        n/a     FDRE/C   n/a            1.000         10.000      9.000      SLICE_X3Y90     counter_1hz_reg[0]/C
Min Period        n/a     FDRE/C   n/a            1.000         10.000      9.000      SLICE_X3Y92     counter_1hz_reg[10]/C
Min Period        n/a     FDRE/C   n/a            1.000         10.000      9.000      SLICE_X3Y92     counter_1hz_reg[11]/C
Min Period        n/a     FDRE/C   n/a            1.000         10.000      9.000      SLICE_X3Y93     counter_1hz_reg[12]/C
Min Period        n/a     FDRE/C   n/a            1.000         10.000      9.000      SLICE_X3Y93     counter_1hz_reg[13]/C
Low Pulse Width   Slow    FDRE/C   n/a            0.500         5.000       4.500      SLICE_X6Y93     active_mole_reg[0]/C
Low Pulse Width   Slow    FDRE/C   n/a            0.500         5.000       4.500      SLICE_X6Y93     active_mole_reg[1]/C
Low Pulse Width   Slow    FDRE/C   n/a            0.500         5.000       4.500      SLICE_X4Y94     an_reg[0]/C
Low Pulse Width   Slow    FDSE/C   n/a            0.500         5.000       4.500      SLICE_X4Y94     an_reg[1]/C
Low Pulse Width   Slow    FDRE/C   n/a            0.500         5.000       4.500      SLICE_X3Y90     counter_1hz_reg[0]/C
Low Pulse Width   Slow    FDRE/C   n/a            0.500         5.000       4.500      SLICE_X3Y93     counter_1hz_reg[12]/C
Low Pulse Width   Slow    FDRE/C   n/a            0.500         5.000       4.500      SLICE_X3Y93     counter_1hz_reg[13]/C
Low Pulse Width   Slow    FDRE/C   n/a            0.500         5.000       4.500      SLICE_X3Y93     counter_1hz_reg[14]/C
Low Pulse Width   Slow    FDRE/C   n/a            0.500         5.000       4.500      SLICE_X3Y93     counter_1hz_reg[15]/C
Low Pulse Width   Slow    FDRE/C   n/a            0.500         5.000       4.500      SLICE_X3Y94     counter_1hz_reg[16]/C
High Pulse Width  Slow    FDRE/C   n/a            0.500         5.000       4.500      SLICE_X6Y93     active_mole_reg[0]/C
High Pulse Width  Fast    FDRE/C   n/a            0.500         5.000       4.500      SLICE_X6Y93     active_mole_reg[0]/C
High Pulse Width  Slow    FDRE/C   n/a            0.500         5.000       4.500      SLICE_X6Y93     active_mole_reg[1]/C
High Pulse Width  Fast    FDRE/C   n/a            0.500         5.000       4.500      SLICE_X6Y93     active_mole_reg[1]/C
High Pulse Width  Slow    FDRE/C   n/a            0.500         5.000       4.500      SLICE_X4Y94     an_reg[0]/C
High Pulse Width  Fast    FDRE/C   n/a            0.500         5.000       4.500      SLICE_X4Y94     an_reg[0]/C
High Pulse Width  Slow    FDSE/C   n/a            0.500         5.000       4.500      SLICE_X4Y94     an_reg[1]/C
High Pulse Width  Fast    FDSE/C   n/a            0.500         5.000       4.500      SLICE_X4Y94     an_reg[1]/C
High Pulse Width  Slow    FDRE/C   n/a            0.500         5.000       4.500      SLICE_X3Y90     counter_1hz_reg[0]/C
High Pulse Width  Slow    FDRE/C   n/a            0.500         5.000       4.500      SLICE_X3Y92     counter_1hz_reg[10]/C



