Copyright 1986-2018 Xilinx, Inc. All Rights Reserved.
-----------------------------------------------------------------------------------------
| Tool Version : Vivado v.2018.2 (win64) Build 2258646 Thu Jun 14 20:03:12 MDT 2018
| Date         : Thu May 14 22:02:40 2026
| Host         : RoshaanWasif running 64-bit major release  (build 9200)
| Command      : report_control_sets -verbose -file whack_a_mole_control_sets_placed.rpt
| Design       : whack_a_mole
| Device       : xc7a100t
-----------------------------------------------------------------------------------------

Control Set Information

Table of Contents
-----------------
1. Summary
2. Histogram
3. Flip-Flop Distribution
4. Detailed Control Set Information

1. Summary
----------

+----------------------------------------------------------+-------+
|                          Status                          | Count |
+----------------------------------------------------------+-------+
| Number of unique control sets                            |     8 |
| Unused register locations in slices containing registers |    24 |
+----------------------------------------------------------+-------+


2. Histogram
------------

+--------+--------------+
| Fanout | Control Sets |
+--------+--------------+
|      4 |            1 |
|      8 |            2 |
|     10 |            1 |
|    16+ |            4 |
+--------+--------------+


3. Flip-Flop Distribution
-------------------------

+--------------+-----------------------+------------------------+-----------------+--------------+
| Clock Enable | Synchronous Set/Reset | Asynchronous Set/Reset | Total Registers | Total Slices |
+--------------+-----------------------+------------------------+-----------------+--------------+
| No           | No                    | No                     |              20 |            4 |
| No           | No                    | Yes                    |               0 |            0 |
| No           | Yes                   | No                     |             110 |           15 |
| Yes          | No                    | No                     |              10 |            1 |
| Yes          | No                    | Yes                    |               0 |            0 |
| Yes          | Yes                   | No                     |              20 |            3 |
+--------------+-----------------------+------------------------+-----------------+--------------+


4. Detailed Control Set Information
-----------------------------------

+----------------+-----------------------+-------------------+------------------+----------------+
|  Clock Signal  |     Enable Signal     |  Set/Reset Signal | Slice Load Count | Bel Load Count |
+----------------+-----------------------+-------------------+------------------+----------------+
|  clk_IBUF_BUFG | tick_1khz             | an[1]_i_1_n_0     |                1 |              4 |
|  clk_IBUF_BUFG | score_ones[3]_i_1_n_0 | reset_btn_IBUF    |                1 |              8 |
|  clk_IBUF_BUFG | score_tens[3]_i_1_n_0 | reset_btn_IBUF    |                1 |              8 |
|  clk_IBUF_BUFG | tick_1khz             |                   |                1 |             10 |
|  clk_IBUF_BUFG |                       |                   |                4 |             20 |
|  clk_IBUF_BUFG |                       | reset_btn_IBUF    |                3 |             22 |
|  clk_IBUF_BUFG |                       | tick_1khz_i_1_n_0 |                5 |             34 |
|  clk_IBUF_BUFG |                       | clear             |                7 |             54 |
+----------------+-----------------------+-------------------+------------------+----------------+


