
*** Running vivado
    with args -log top.vds -m64 -product Vivado -mode batch -messageDb vivado.pb -notrace -source top.tcl


****** Vivado v2018.2 (64-bit)
  **** SW Build 2258646 on Thu Jun 14 20:03:12 MDT 2018
  **** IP Build 2256618 on Thu Jun 14 22:10:49 MDT 2018
    ** Copyright 1986-2018 Xilinx, Inc. All Rights Reserved.

source top.tcl -notrace
Command: synth_design -top top -part xc7a100tcsg324-1
Starting synth_design
Attempting to get a license for feature 'Synthesis' and/or device 'xc7a100t'
INFO: [Common 17-349] Got license for feature 'Synthesis' and/or device 'xc7a100t'
INFO: Launching helper process for spawning children vivado processes
INFO: Helper process launched with PID 38584 
---------------------------------------------------------------------------------
Starting Synthesize : Time (s): cpu = 00:00:02 ; elapsed = 00:00:03 . Memory (MB): peak = 414.582 ; gain = 96.664
---------------------------------------------------------------------------------
INFO: [Synth 8-6157] synthesizing module 'top' [D:/MultiCycle/MultiCycle.srcs/sources_1/new/top.sv:3]
INFO: [Synth 8-6157] synthesizing module 'controller' [D:/MultiCycle/MultiCycle.srcs/sources_1/new/controller.sv:5]
INFO: [Synth 8-155] case statement is not full and has no default [D:/MultiCycle/MultiCycle.srcs/sources_1/new/controller.sv:99]
INFO: [Synth 8-6155] done synthesizing module 'controller' (1#1) [D:/MultiCycle/MultiCycle.srcs/sources_1/new/controller.sv:5]
INFO: [Synth 8-6157] synthesizing module 'datapath' [D:/MultiCycle/MultiCycle.srcs/sources_1/new/datapath.sv:3]
INFO: [Synth 8-6157] synthesizing module 'register_en' [D:/MultiCycle/MultiCycle.srcs/sources_1/new/register_en.sv:3]
INFO: [Synth 8-6155] done synthesizing module 'register_en' (2#1) [D:/MultiCycle/MultiCycle.srcs/sources_1/new/register_en.sv:3]
INFO: [Synth 8-6157] synthesizing module 'memorys' [D:/MultiCycle/MultiCycle.srcs/sources_1/new/memorys.sv:3]
INFO: [Synth 8-6155] done synthesizing module 'memorys' (3#1) [D:/MultiCycle/MultiCycle.srcs/sources_1/new/memorys.sv:3]
INFO: [Synth 8-6157] synthesizing module 'register_simple' [D:/MultiCycle/MultiCycle.srcs/sources_1/new/register_simple.sv:2]
INFO: [Synth 8-6155] done synthesizing module 'register_simple' (4#1) [D:/MultiCycle/MultiCycle.srcs/sources_1/new/register_simple.sv:2]
INFO: [Synth 8-6157] synthesizing module 'register_file' [D:/MultiCycle/MultiCycle.srcs/sources_1/new/register_file.sv:3]
INFO: [Synth 8-6155] done synthesizing module 'register_file' (5#1) [D:/MultiCycle/MultiCycle.srcs/sources_1/new/register_file.sv:3]
INFO: [Synth 8-6157] synthesizing module 'SignExt' [D:/MultiCycle/MultiCycle.srcs/sources_1/new/SignExt.sv:3]
INFO: [Synth 8-226] default block is never used [D:/MultiCycle/MultiCycle.srcs/sources_1/new/SignExt.sv:10]
INFO: [Synth 8-6155] done synthesizing module 'SignExt' (6#1) [D:/MultiCycle/MultiCycle.srcs/sources_1/new/SignExt.sv:3]
INFO: [Synth 8-6157] synthesizing module 'ALU' [D:/MultiCycle/MultiCycle.srcs/sources_1/new/ALU.sv:3]
	Parameter ALU_ADD bound to: 4'b0000 
	Parameter ALU_SUB bound to: 4'b0001 
	Parameter ALU_AND bound to: 4'b0010 
	Parameter ALU_OR bound to: 4'b0011 
	Parameter ALU_XOR bound to: 4'b0100 
	Parameter ALU_SLL bound to: 4'b0101 
	Parameter ALU_SRL bound to: 4'b0110 
INFO: [Synth 8-6155] done synthesizing module 'ALU' (7#1) [D:/MultiCycle/MultiCycle.srcs/sources_1/new/ALU.sv:3]
INFO: [Synth 8-6155] done synthesizing module 'datapath' (8#1) [D:/MultiCycle/MultiCycle.srcs/sources_1/new/datapath.sv:3]
INFO: [Synth 8-6155] done synthesizing module 'top' (9#1) [D:/MultiCycle/MultiCycle.srcs/sources_1/new/top.sv:3]
---------------------------------------------------------------------------------
Finished Synthesize : Time (s): cpu = 00:00:03 ; elapsed = 00:00:03 . Memory (MB): peak = 469.684 ; gain = 151.766
---------------------------------------------------------------------------------
---------------------------------------------------------------------------------
Finished Constraint Validation : Time (s): cpu = 00:00:03 ; elapsed = 00:00:04 . Memory (MB): peak = 469.684 ; gain = 151.766
---------------------------------------------------------------------------------
---------------------------------------------------------------------------------
Start Loading Part and Timing Information
---------------------------------------------------------------------------------
Loading part: xc7a100tcsg324-1
INFO: [Device 21-403] Loading part xc7a100tcsg324-1
---------------------------------------------------------------------------------
Finished Loading Part and Timing Information : Time (s): cpu = 00:00:03 ; elapsed = 00:00:04 . Memory (MB): peak = 469.684 ; gain = 151.766
---------------------------------------------------------------------------------
INFO: [Synth 8-802] inferred FSM for state register 'state_reg' in module 'controller'
INFO: [Synth 8-5546] ROM "ImmSrc" won't be mapped to RAM because it is too sparse
INFO: [Synth 8-5544] ROM "ALUControl" won't be mapped to Block RAM because address size (2) smaller than threshold (5)
INFO: [Synth 8-5544] ROM "PCUpdate" won't be mapped to Block RAM because address size (4) smaller than threshold (5)
INFO: [Synth 8-5544] ROM "Branch" won't be mapped to Block RAM because address size (4) smaller than threshold (5)
INFO: [Synth 8-5544] ROM "ResultSrc" won't be mapped to Block RAM because address size (4) smaller than threshold (5)
INFO: [Synth 8-5544] ROM "ALUOp" won't be mapped to Block RAM because address size (4) smaller than threshold (5)
INFO: [Synth 8-5544] ROM "ALUSrcB" won't be mapped to Block RAM because address size (4) smaller than threshold (5)
INFO: [Synth 8-5544] ROM "ALUSrcA" won't be mapped to Block RAM because address size (4) smaller than threshold (5)
INFO: [Synth 8-5544] ROM "RegWrite" won't be mapped to Block RAM because address size (4) smaller than threshold (5)
INFO: [Synth 8-5544] ROM "IRWrite" won't be mapped to Block RAM because address size (4) smaller than threshold (5)
INFO: [Synth 8-5544] ROM "MemWrite" won't be mapped to Block RAM because address size (4) smaller than threshold (5)
INFO: [Synth 8-5544] ROM "AdrSrc" won't be mapped to Block RAM because address size (4) smaller than threshold (5)
INFO: [Synth 8-5546] ROM "next_state" won't be mapped to RAM because it is too sparse
INFO: [Synth 8-5546] ROM "next_state" won't be mapped to RAM because it is too sparse
INFO: [Synth 8-5818] HDL ADVISOR - The operator resource <adder> is shared. To prevent sharing consider applying a KEEP on the output of the operator [D:/MultiCycle/MultiCycle.srcs/sources_1/new/ALU.sv:15]
---------------------------------------------------------------------------------------------------
                   State |                     New Encoding |                Previous Encoding 
---------------------------------------------------------------------------------------------------
                   FETCH |                      00000000001 |                             0000
                  DECODE |                      00000000010 |                             0001
                  MEMADR |                      00000000100 |                             0010
                 MEMREAD |                      00000001000 |                             0011
                   MEMWB |                      00000010000 |                             0100
                MEMWRITE |                      00000100000 |                             0101
                EXECUTER |                      00001000000 |                             0110
                EXECUTEI |                      00010000000 |                             0111
                   ALUWB |                      00100000000 |                             1000
                     JAL |                      01000000000 |                             1001
                     BEQ |                      10000000000 |                             1010
---------------------------------------------------------------------------------------------------
INFO: [Synth 8-3354] encoded FSM with state register 'state_reg' using encoding 'one-hot' in module 'controller'
---------------------------------------------------------------------------------
Finished RTL Optimization Phase 2 : Time (s): cpu = 00:00:03 ; elapsed = 00:00:04 . Memory (MB): peak = 469.684 ; gain = 151.766
---------------------------------------------------------------------------------

Report RTL Partitions: 
+-+--------------+------------+----------+
| |RTL Partition |Replication |Instances |
+-+--------------+------------+----------+
+-+--------------+------------+----------+
No constraint files found.
---------------------------------------------------------------------------------
Start RTL Component Statistics 
---------------------------------------------------------------------------------
Detailed RTL Component Info : 
+---Adders : 
	   3 Input     32 Bit       Adders := 1     
+---XORs : 
	   2 Input     32 Bit         XORs := 1     
+---Registers : 
	               32 Bit    Registers := 7     
+---RAMs : 
	             1024 Bit         RAMs := 1     
+---Muxes : 
	   2 Input     32 Bit        Muxes := 4     
	   4 Input     32 Bit        Muxes := 4     
	   8 Input     32 Bit        Muxes := 1     
	  11 Input     11 Bit        Muxes := 1     
	   7 Input     11 Bit        Muxes := 1     
	   2 Input     11 Bit        Muxes := 1     
	   2 Input      8 Bit        Muxes := 1     
	   2 Input      3 Bit        Muxes := 2     
	   7 Input      3 Bit        Muxes := 1     
	  11 Input      2 Bit        Muxes := 3     
	   4 Input      2 Bit        Muxes := 1     
	  11 Input      1 Bit        Muxes := 3     
	   2 Input      1 Bit        Muxes := 1     
---------------------------------------------------------------------------------
Finished RTL Component Statistics 
---------------------------------------------------------------------------------
---------------------------------------------------------------------------------
Start RTL Hierarchical Component Statistics 
---------------------------------------------------------------------------------
Hierarchical RTL Component report 
Module controller 
Detailed RTL Component Info : 
+---Muxes : 
	  11 Input     11 Bit        Muxes := 1     
	   7 Input     11 Bit        Muxes := 1     
	   2 Input     11 Bit        Muxes := 1     
	   2 Input      3 Bit        Muxes := 2     
	   7 Input      3 Bit        Muxes := 1     
	  11 Input      2 Bit        Muxes := 3     
	   4 Input      2 Bit        Muxes := 1     
	  11 Input      1 Bit        Muxes := 3     
	   2 Input      1 Bit        Muxes := 1     
Module register_en 
Detailed RTL Component Info : 
+---Registers : 
	               32 Bit    Registers := 1     
Module register_simple 
Detailed RTL Component Info : 
+---Registers : 
	               32 Bit    Registers := 1     
Module register_file 
Detailed RTL Component Info : 
+---RAMs : 
	             1024 Bit         RAMs := 1     
+---Muxes : 
	   2 Input     32 Bit        Muxes := 2     
Module SignExt 
Detailed RTL Component Info : 
+---Muxes : 
	   4 Input     32 Bit        Muxes := 1     
Module ALU 
Detailed RTL Component Info : 
+---Adders : 
	   3 Input     32 Bit       Adders := 1     
+---XORs : 
	   2 Input     32 Bit         XORs := 1     
+---Muxes : 
	   2 Input     32 Bit        Muxes := 2     
	   8 Input     32 Bit        Muxes := 1     
Module datapath 
Detailed RTL Component Info : 
+---Muxes : 
	   4 Input     32 Bit        Muxes := 3     
	   2 Input      8 Bit        Muxes := 1     
---------------------------------------------------------------------------------
Finished RTL Hierarchical Component Statistics
---------------------------------------------------------------------------------
---------------------------------------------------------------------------------
Start Part Resource Summary
---------------------------------------------------------------------------------
Part Resources:
DSPs: 240 (col length:80)
BRAMs: 270 (col length: RAMB18 80 RAMB36 40)
---------------------------------------------------------------------------------
Finished Part Resource Summary
---------------------------------------------------------------------------------
No constraint files found.
---------------------------------------------------------------------------------
Start Cross Boundary and Area Optimization
---------------------------------------------------------------------------------
Warning: Parallel synthesis criteria is not met 
INFO: [Synth 8-5546] ROM "ctrl/next_state" won't be mapped to RAM because it is too sparse
INFO: [Synth 8-5546] ROM "ctrl/next_state" won't be mapped to RAM because it is too sparse
INFO: [Synth 8-5546] ROM "ctrl/ImmSrc" won't be mapped to RAM because it is too sparse
---------------------------------------------------------------------------------
Finished Cross Boundary and Area Optimization : Time (s): cpu = 00:00:09 ; elapsed = 00:00:11 . Memory (MB): peak = 667.281 ; gain = 349.363
---------------------------------------------------------------------------------
---------------------------------------------------------------------------------
Start ROM, RAM, DSP and Shift Register Reporting
---------------------------------------------------------------------------------

Distributed RAM: Preliminary Mapping  Report (see note below)
+------------+----------------+-----------+----------------------+------------------+
|Module Name | RTL Object     | Inference | Size (Depth x Width) | Primitives       | 
+------------+----------------+-----------+----------------------+------------------+
|top         | dp/rf/rf_reg   | Implied   | 32 x 32              | RAM32M x 12      | 
|top         | dp/mem/RAM_reg | Implied   | 256 x 32             | RAM256X1S x 32   | 
+------------+----------------+-----------+----------------------+------------------+

Note: The table above is a preliminary report that shows the Distributed RAMs at the current stage of the synthesis flow. Some Distributed RAMs may be reimplemented as non Distributed RAM primitives later in the synthesis flow. Multiple instantiated RAMs are reported only once.
---------------------------------------------------------------------------------
Finished ROM, RAM, DSP and Shift Register Reporting
---------------------------------------------------------------------------------

Report RTL Partitions: 
+-+--------------+------------+----------+
| |RTL Partition |Replication |Instances |
+-+--------------+------------+----------+
+-+--------------+------------+----------+
No constraint files found.
---------------------------------------------------------------------------------
Start Timing Optimization
---------------------------------------------------------------------------------
---------------------------------------------------------------------------------
Finished Timing Optimization : Time (s): cpu = 00:00:09 ; elapsed = 00:00:11 . Memory (MB): peak = 667.281 ; gain = 349.363
---------------------------------------------------------------------------------
---------------------------------------------------------------------------------
Start ROM, RAM, DSP and Shift Register Reporting
---------------------------------------------------------------------------------

Distributed RAM: Final Mapping  Report
+------------+----------------+-----------+----------------------+------------------+
|Module Name | RTL Object     | Inference | Size (Depth x Width) | Primitives       | 
+------------+----------------+-----------+----------------------+------------------+
|top         | dp/rf/rf_reg   | Implied   | 32 x 32              | RAM32M x 12      | 
|top         | dp/mem/RAM_reg | Implied   | 256 x 32             | RAM256X1S x 32   | 
+------------+----------------+-----------+----------------------+------------------+

---------------------------------------------------------------------------------
Finished ROM, RAM, DSP and Shift Register Reporting
---------------------------------------------------------------------------------

Report RTL Partitions: 
+-+--------------+------------+----------+
| |RTL Partition |Replication |Instances |
+-+--------------+------------+----------+
+-+--------------+------------+----------+
---------------------------------------------------------------------------------
Start Technology Mapping
---------------------------------------------------------------------------------
---------------------------------------------------------------------------------
Finished Technology Mapping : Time (s): cpu = 00:00:09 ; elapsed = 00:00:12 . Memory (MB): peak = 667.281 ; gain = 349.363
---------------------------------------------------------------------------------

Report RTL Partitions: 
+-+--------------+------------+----------+
| |RTL Partition |Replication |Instances |
+-+--------------+------------+----------+
+-+--------------+------------+----------+
---------------------------------------------------------------------------------
Start IO Insertion
---------------------------------------------------------------------------------
---------------------------------------------------------------------------------
Start Flattening Before IO Insertion
---------------------------------------------------------------------------------
---------------------------------------------------------------------------------
Finished Flattening Before IO Insertion
---------------------------------------------------------------------------------
---------------------------------------------------------------------------------
Start Final Netlist Cleanup
---------------------------------------------------------------------------------
---------------------------------------------------------------------------------
Finished Final Netlist Cleanup
---------------------------------------------------------------------------------
---------------------------------------------------------------------------------
Finished IO Insertion : Time (s): cpu = 00:00:10 ; elapsed = 00:00:13 . Memory (MB): peak = 667.281 ; gain = 349.363
---------------------------------------------------------------------------------

Report Check Netlist: 
+------+------------------+-------+---------+-------+------------------+
|      |Item              |Errors |Warnings |Status |Description       |
+------+------------------+-------+---------+-------+------------------+
|1     |multi_driven_nets |      0|        0|Passed |Multi driven nets |
+------+------------------+-------+---------+-------+------------------+
---------------------------------------------------------------------------------
Start Renaming Generated Instances
---------------------------------------------------------------------------------
---------------------------------------------------------------------------------
Finished Renaming Generated Instances : Time (s): cpu = 00:00:10 ; elapsed = 00:00:13 . Memory (MB): peak = 667.281 ; gain = 349.363
---------------------------------------------------------------------------------

Report RTL Partitions: 
+-+--------------+------------+----------+
| |RTL Partition |Replication |Instances |
+-+--------------+------------+----------+
+-+--------------+------------+----------+
---------------------------------------------------------------------------------
Start Rebuilding User Hierarchy
---------------------------------------------------------------------------------
---------------------------------------------------------------------------------
Finished Rebuilding User Hierarchy : Time (s): cpu = 00:00:10 ; elapsed = 00:00:13 . Memory (MB): peak = 667.281 ; gain = 349.363
---------------------------------------------------------------------------------
---------------------------------------------------------------------------------
Start Renaming Generated Ports
---------------------------------------------------------------------------------
---------------------------------------------------------------------------------
Finished Renaming Generated Ports : Time (s): cpu = 00:00:10 ; elapsed = 00:00:13 . Memory (MB): peak = 667.281 ; gain = 349.363
---------------------------------------------------------------------------------
---------------------------------------------------------------------------------
Start Handling Custom Attributes
---------------------------------------------------------------------------------
---------------------------------------------------------------------------------
Finished Handling Custom Attributes : Time (s): cpu = 00:00:10 ; elapsed = 00:00:13 . Memory (MB): peak = 667.281 ; gain = 349.363
---------------------------------------------------------------------------------
---------------------------------------------------------------------------------
Start Renaming Generated Nets
---------------------------------------------------------------------------------
---------------------------------------------------------------------------------
Finished Renaming Generated Nets : Time (s): cpu = 00:00:10 ; elapsed = 00:00:13 . Memory (MB): peak = 667.281 ; gain = 349.363
---------------------------------------------------------------------------------
---------------------------------------------------------------------------------
Start Writing Synthesis Report
---------------------------------------------------------------------------------

Report BlackBoxes: 
+-+--------------+----------+
| |BlackBox name |Instances |
+-+--------------+----------+
+-+--------------+----------+

Report Cell Usage: 
+------+----------+------+
|      |Cell      |Count |
+------+----------+------+
|1     |BUFG      |     1|
|2     |CARRY4    |     8|
|3     |LUT1      |     1|
|4     |LUT2      |     9|
|5     |LUT3      |    31|
|6     |LUT4      |    75|
|7     |LUT5      |   126|
|8     |LUT6      |   372|
|9     |MUXF7     |    29|
|10    |RAM256X1S |    32|
|11    |RAM32M    |    12|
|12    |FDRE      |   244|
|13    |FDSE      |     1|
|14    |IBUF      |     2|
+------+----------+------+

Report Instance Areas: 
+------+---------------+------------------+------+
|      |Instance       |Module            |Cells |
+------+---------------+------------------+------+
|1     |top            |                  |   943|
|2     |  ctrl         |controller        |    52|
|3     |  dp           |datapath          |   878|
|4     |    data_reg   |register_simple_0 |    32|
|5     |    alu        |ALU               |     8|
|6     |    aluout_reg |register_simple   |    32|
|7     |    instr_reg  |register_en       |   330|
|8     |    mem        |memorys           |    32|
|9     |    oldpc_reg  |register_simple_1 |    32|
|10    |    pcreg      |register_en_2     |    32|
|11    |    reg_a      |register_simple_3 |   314|
|12    |    reg_b      |register_simple_4 |    54|
|13    |    rf         |register_file     |    12|
+------+---------------+------------------+------+
---------------------------------------------------------------------------------
Finished Writing Synthesis Report : Time (s): cpu = 00:00:10 ; elapsed = 00:00:13 . Memory (MB): peak = 667.281 ; gain = 349.363
---------------------------------------------------------------------------------
Synthesis finished with 0 errors, 0 critical warnings and 0 warnings.
Synthesis Optimization Runtime : Time (s): cpu = 00:00:10 ; elapsed = 00:00:13 . Memory (MB): peak = 667.281 ; gain = 349.363
Synthesis Optimization Complete : Time (s): cpu = 00:00:10 ; elapsed = 00:00:13 . Memory (MB): peak = 667.281 ; gain = 349.363
INFO: [Project 1-571] Translating synthesized netlist
INFO: [Netlist 29-17] Analyzing 83 Unisim elements for replacement
INFO: [Netlist 29-28] Unisim Transformation completed in 0 CPU seconds
INFO: [Project 1-570] Preparing netlist for logic optimization
INFO: [Opt 31-138] Pushed 0 inverter(s) to 0 load pin(s).
INFO: [Project 1-111] Unisim Transformation Summary:
  A total of 44 instances were transformed.
  RAM256X1S => RAM256X1S (MUXF7, MUXF7, MUXF8, RAMS64E, RAMS64E, RAMS64E, RAMS64E): 32 instances
  RAM32M => RAM32M (RAMD32, RAMD32, RAMD32, RAMD32, RAMD32, RAMD32, RAMS32, RAMS32): 12 instances

INFO: [Common 17-83] Releasing license: Synthesis
49 Infos, 0 Warnings, 0 Critical Warnings and 0 Errors encountered.
synth_design completed successfully
synth_design: Time (s): cpu = 00:00:14 ; elapsed = 00:00:18 . Memory (MB): peak = 731.594 ; gain = 426.746
WARNING: [Constraints 18-5210] No constraint will be written out.
INFO: [Common 17-1381] The checkpoint 'D:/MultiCycle/MultiCycle.runs/synth_1/top.dcp' has been generated.
INFO: [runtcl-4] Executing : report_utilization -file top_utilization_synth.rpt -pb top_utilization_synth.pb
report_utilization: Time (s): cpu = 00:00:00 ; elapsed = 00:00:00.038 . Memory (MB): peak = 731.594 ; gain = 0.000
INFO: [Common 17-206] Exiting Vivado at Mon Jun 22 04:56:39 2026...
