#-----------------------------------------------------------
# Vivado v2018.2 (64-bit)
# SW Build 2258646 on Thu Jun 14 20:03:12 MDT 2018
# IP Build 2256618 on Thu Jun 14 22:10:49 MDT 2018
# Start of session at: Sat Oct  4 01:42:52 2025
# Process ID: 17104
# Current directory: D:/Vivado _projects/Lab_01_Solution/mux_5to1
# Command line: vivado.exe -gui_launcher_event rodinguilauncherevent28196 D:\Vivado _projects\Lab_01_Solution\mux_5to1\mux_5to1.xpr
# Log file: D:/Vivado _projects/Lab_01_Solution/mux_5to1/vivado.log
# Journal file: D:/Vivado _projects/Lab_01_Solution/mux_5to1\vivado.jou
#-----------------------------------------------------------
start_gui
open_project {D:/Vivado _projects/Lab_01_Solution/mux_5to1/mux_5to1.xpr}
INFO: [Project 1-313] Project file moved from 'D:/Vivado Lab projects/mux_5to1' since last save.
Scanning sources...
Finished scanning sources
INFO: [IP_Flow 19-234] Refreshing IP repositories
INFO: [IP_Flow 19-1704] No user IP repositories specified
INFO: [IP_Flow 19-2313] Loaded Vivado IP repository 'D:/Vivado/2018.2/data/ip'.
open_project: Time (s): cpu = 00:00:06 ; elapsed = 00:00:07 . Memory (MB): peak = 805.777 ; gain = 81.570
update_compile_order -fileset sources_1
launch_simulation
ERROR: [Common 17-1293] The path 'D:/Vivado _projects/Lab_01_Solution/mux_5to1/mux_5to1.cache/wt' already exists, is a directory, but is not writable.
exit
INFO: [Common 17-206] Exiting Vivado at Sat Oct  4 01:49:34 2025...
