#-----------------------------------------------------------
# Vivado v2018.2 (64-bit)
# SW Build 2258646 on Thu Jun 14 20:03:12 MDT 2018
# IP Build 2256618 on Thu Jun 14 22:10:49 MDT 2018
# Start of session at: Mon Aug 24 12:11:40 2026
# Process ID: 31372
# Current directory: D:/Vivado _projects/RISC-V/MultiCycle
# Command line: vivado.exe -gui_launcher_event rodinguilauncherevent27524 D:\Vivado _projects\RISC-V\MultiCycle\MultiCycle.xpr
# Log file: D:/Vivado _projects/RISC-V/MultiCycle/vivado.log
# Journal file: D:/Vivado _projects/RISC-V/MultiCycle\vivado.jou
#-----------------------------------------------------------
start_gui
open_project {D:/Vivado _projects/RISC-V/MultiCycle/MultiCycle.xpr}
Scanning sources...
Finished scanning sources
INFO: [IP_Flow 19-234] Refreshing IP repositories
INFO: [IP_Flow 19-1704] No user IP repositories specified
INFO: [IP_Flow 19-2313] Loaded Vivado IP repository 'D:/Vivado/2018.2/data/ip'.
open_project: Time (s): cpu = 00:00:12 ; elapsed = 00:00:05 . Memory (MB): peak = 787.078 ; gain = 56.422
update_compile_order -fileset sources_1
exit
INFO: [Common 17-206] Exiting Vivado at Mon Aug 24 18:36:19 2026...
