Vivado Simulator 2018.2
Time resolution is 1 ps
-----------------------------------------------
[TEST] 2507 * 2435
Error:   [FAIL] Result: 6104545, Expected: 40650867
Time: 19191 ns  Iteration: 0  Process: /tb_booth_multiplier/run_test  File: D:/Vivado _projects/Assign_Q_1/Assign_Q_1.srcs/sim_1/new/tb_booth_multiplier.v
-----------------------------------------------
[TEST] 1234 * 5678
  [PASS] Result: 7006652
-----------------------------------------------
[TEST] 32767 * 32767
  [PASS] Result: 1073676289
-----------------------------------------------
[TEST] -32768 * -32768
  [PASS] Result: 1073741824
-----------------------------------------------
[TEST] 32767 * -32768
  [PASS] Result: -1073709056
-----------------------------------------------
[TEST] -12345 * 6789
  [PASS] Result: -83810205
-----------------------------------------------
[TEST] -27000 * 0
  [PASS] Result: 0
-----------------------------------------------
[TEST] 30000 * -1
  [PASS] Result: -30000
-----------------------------------------------
All tests completed.
