Vivado Simulator v2025.1.0
Copyright 1986-2022 Xilinx, Inc. All Rights Reserved.
Copyright 2022-2025 Advanced Micro Devices, Inc. All Rights Reserved.
Running: /tools/Xilinx/2025.1/Vivado/bin/unwrapped/lnx64.o/xelab --incr --debug typical --relax --mt 8 -L xil_defaultlib -L uvm -L unisims_ver -L unimacro_ver -L secureip --snapshot TOP_TB_behav xil_defaultlib.TOP_TB xil_defaultlib.glbl -log elaborate.log 
Using 8 slave threads.
Starting static elaboration
Pass Through NonSizing Optimizer
Completed static elaboration
Starting simulation data flow analysis
Completed simulation data flow analysis
Time Resolution for simulation is 1ps
Compiling module xil_defaultlib.hazard_unit
Compiling module xil_defaultlib.mux2
Compiling module xil_defaultlib.pc_reg
Compiling module xil_defaultlib.adder_pc
Compiling module xil_defaultlib.imem
Compiling module xil_defaultlib.fetch_cycle
Compiling module xil_defaultlib.control_unit
Compiling module xil_defaultlib.regfile
Compiling module xil_defaultlib.imm_gen
Compiling module xil_defaultlib.decode_cycle
Compiling module xil_defaultlib.mux3
Compiling module xil_defaultlib.alu
Compiling module xil_defaultlib.adder_branch
Compiling module xil_defaultlib.execution_cycle
Compiling module xil_defaultlib.dmem
Compiling module xil_defaultlib.memory_cycle
Compiling module xil_defaultlib.writeback_cycle
Compiling module xil_defaultlib.TOP
Compiling module xil_defaultlib.TOP_TB
Compiling module xil_defaultlib.glbl
Built simulation snapshot TOP_TB_behav
