Copyright 1986-2018 Xilinx, Inc. All Rights Reserved.
------------------------------------------------------------------------------------------
| Tool Version : Vivado v.2018.2 (win64) Build 2258646 Thu Jun 14 20:03:12 MDT 2018
| Date         : Fri Dec 26 11:23:47 2025
| Host         : RoshaanWasif running 64-bit major release  (build 9200)
| Command      : report_control_sets -verbose -file morse_encoder_control_sets_placed.rpt
| Design       : morse_encoder
| Device       : xc7a100t
------------------------------------------------------------------------------------------

Control Set Information

Table of Contents
-----------------
1. Summary
2. Histogram
3. Flip-Flop Distribution
4. Detailed Control Set Information

1. Summary
----------

+----------------------------------------------------------+-------+
|                          Status                          | Count |
+----------------------------------------------------------+-------+
| Number of unique control sets                            |    13 |
| Unused register locations in slices containing registers |    20 |
+----------------------------------------------------------+-------+


2. Histogram
------------

+--------+--------------+
| Fanout | Control Sets |
+--------+--------------+
|      2 |            1 |
|      4 |            1 |
|      8 |            7 |
|     10 |            1 |
|    16+ |            3 |
+--------+--------------+


3. Flip-Flop Distribution
-------------------------

+--------------+-----------------------+------------------------+-----------------+--------------+
| Clock Enable | Synchronous Set/Reset | Asynchronous Set/Reset | Total Registers | Total Slices |
+--------------+-----------------------+------------------------+-----------------+--------------+
| No           | No                    | No                     |               4 |            2 |
| No           | No                    | Yes                    |              96 |           16 |
| No           | Yes                   | No                     |               0 |            0 |
| Yes          | No                    | No                     |              48 |            6 |
| Yes          | No                    | Yes                    |             104 |           21 |
| Yes          | Yes                   | No                     |               0 |            0 |
+--------------+-----------------------+------------------------+-----------------+--------------+


4. Detailed Control Set Information
-----------------------------------

+----------------+----------------------------+------------------+------------------+----------------+
|  Clock Signal  |        Enable Signal       | Set/Reset Signal | Slice Load Count | Bel Load Count |
+----------------+----------------------------+------------------+------------------+----------------+
|  clk_IBUF_BUFG | led_out_i_1_n_0            | rst_IBUF         |                1 |              2 |
|  clk_IBUF_BUFG |                            |                  |                2 |              4 |
|  clk_IBUF_BUFG | active_digit               | rst_IBUF         |                3 |              8 |
|  clk_IBUF_BUFG | digit_memory[2][3]_i_1_n_0 |                  |                1 |              8 |
|  clk_IBUF_BUFG | digit_memory[5][3]_i_1_n_0 |                  |                1 |              8 |
|  clk_IBUF_BUFG | digit_memory[4][3]_i_1_n_0 |                  |                1 |              8 |
|  clk_IBUF_BUFG | digit_memory[0][3]_i_1_n_0 |                  |                1 |              8 |
|  clk_IBUF_BUFG | digit_memory[1][3]_i_1_n_0 |                  |                1 |              8 |
|  clk_IBUF_BUFG | digit_memory[3][3]_i_1_n_0 |                  |                1 |              8 |
|  clk_IBUF_BUFG | morse_pattern              | rst_IBUF         |                2 |             10 |
|  clk_IBUF_BUFG | current_state              | rst_IBUF         |                3 |             20 |
|  clk_IBUF_BUFG | duration_counter           | rst_IBUF         |               12 |             64 |
|  clk_IBUF_BUFG |                            | rst_IBUF         |               16 |             96 |
+----------------+----------------------------+------------------+------------------+----------------+


