#-----------------------------------------------------------
# Vivado v2018.2 (64-bit)
# SW Build 2258646 on Thu Jun 14 20:03:12 MDT 2018
# IP Build 2256618 on Thu Jun 14 22:10:49 MDT 2018
# Start of session at: Sat Oct  4 02:30:57 2025
# Process ID: 4332
# Current directory: D:/Vivado _projects/Lab_02_Solution/2. bcd_seven_seg
# Command line: vivado.exe -gui_launcher_event rodinguilauncherevent15020 D:\Vivado _projects\Lab_02_Solution\2. bcd_seven_seg\bcd_seven_seg.xpr
# Log file: D:/Vivado _projects/Lab_02_Solution/2. bcd_seven_seg/vivado.log
# Journal file: D:/Vivado _projects/Lab_02_Solution/2. bcd_seven_seg\vivado.jou
#-----------------------------------------------------------
start_gui
open_project {D:/Vivado _projects/Lab_02_Solution/2. bcd_seven_seg/bcd_seven_seg.xpr}
INFO: [Project 1-313] Project file moved from 'D:/Vivado Lab projects/2. bcd_seven_seg' since last save.
Scanning sources...
Finished scanning sources
INFO: [IP_Flow 19-234] Refreshing IP repositories
INFO: [IP_Flow 19-1704] No user IP repositories specified
INFO: [IP_Flow 19-2313] Loaded Vivado IP repository 'D:/Vivado/2018.2/data/ip'.
open_project: Time (s): cpu = 00:00:04 ; elapsed = 00:00:06 . Memory (MB): peak = 873.031 ; gain = 139.445
update_compile_order -fileset sources_1
exit
