#-----------------------------------------------------------
# Vivado v2018.2 (64-bit)
# SW Build 2258646 on Thu Jun 14 20:03:12 MDT 2018
# IP Build 2256618 on Thu Jun 14 22:10:49 MDT 2018
# Start of session at: Thu Feb 13 10:10:37 2025
# Process ID: 13092
# Current directory: D:/Vivado Lab projects/2. bcd_seven_seg
# Command line: vivado.exe -gui_launcher_event rodinguilauncherevent1284 D:\Vivado Lab projects\2. bcd_seven_seg\bcd_seven_seg.xpr
# Log file: D:/Vivado Lab projects/2. bcd_seven_seg/vivado.log
# Journal file: D:/Vivado Lab projects/2. bcd_seven_seg\vivado.jou
#-----------------------------------------------------------
start_gui
open_project {D:/Vivado Lab projects/2. bcd_seven_seg/bcd_seven_seg.xpr}
update_compile_order -fileset sources_1
launch_simulation
source top_module.tcl
synth_design -rtl -name rtl_1
reset_run synth_1
launch_runs synth_1 -jobs 4
wait_on_run synth_1
reset_run synth_1
launch_runs synth_1 -jobs 4
wait_on_run synth_1
launch_runs impl_1 -jobs 4
wait_on_run impl_1
launch_runs impl_1 -to_step write_bitstream -jobs 4
wait_on_run impl_1
open_hw
connect_hw_server
open_hw_target
set_property PROGRAM.FILE {D:/Vivado Lab projects/2. bcd_seven_seg/bcd_seven_seg.runs/impl_1/top_module.bit} [get_hw_devices xc7a100t_0]
current_hw_device [get_hw_devices xc7a100t_0]
refresh_hw_device -update_hw_probes false [lindex [get_hw_devices xc7a100t_0] 0]
set_property PROBES.FILE {} [get_hw_devices xc7a100t_0]
set_property FULL_PROBES.FILE {} [get_hw_devices xc7a100t_0]
set_property PROGRAM.FILE {D:/Vivado Lab projects/2. bcd_seven_seg/bcd_seven_seg.runs/impl_1/top_module.bit} [get_hw_devices xc7a100t_0]
program_hw_devices [get_hw_devices xc7a100t_0]
refresh_hw_device [lindex [get_hw_devices xc7a100t_0] 0]
close_hw
create_project test {D:/Vivado Lab projects/test} -part xc7vx485tffg1157-1
file mkdir D:/Vivado Lab projects/test/test.srcs/sources_1/new
file mkdir D:/Vivado Lab projects/test/test.srcs/sources_1/new
file mkdir D:/Vivado Lab projects/test/test.srcs/sources_1/new
file mkdir D:/Vivado Lab projects/test/test.srcs/sources_1/new
close_project
