#-----------------------------------------------------------
# Vivado v2018.2 (64-bit)
# SW Build 2258646 on Thu Jun 14 20:03:12 MDT 2018
# IP Build 2256618 on Thu Jun 14 22:10:49 MDT 2018
# Start of session at: Fri Oct 24 03:17:19 2025
# Process ID: 7400
# Current directory: D:/Vivado _projects/Assign_Q_1
# Command line: vivado.exe -gui_launcher_event rodinguilauncherevent19880 D:\Vivado _projects\Assign_Q_1\Assign_Q_1.xpr
# Log file: D:/Vivado _projects/Assign_Q_1/vivado.log
# Journal file: D:/Vivado _projects/Assign_Q_1\vivado.jou
#-----------------------------------------------------------
start_gui
open_project {D:/Vivado _projects/Assign_Q_1/Assign_Q_1.xpr}
Scanning sources...
Finished scanning sources
INFO: [IP_Flow 19-234] Refreshing IP repositories
INFO: [IP_Flow 19-1704] No user IP repositories specified
INFO: [IP_Flow 19-2313] Loaded Vivado IP repository 'D:/Vivado/2018.2/data/ip'.
open_project: Time (s): cpu = 00:00:08 ; elapsed = 00:00:05 . Memory (MB): peak = 786.934 ; gain = 68.094
update_compile_order -fileset sources_1
launch_simulation
INFO: [Vivado 12-5682] Launching behavioral simulation in 'D:/Vivado _projects/Assign_Q_1/Assign_Q_1.sim/sim_1/behav/xsim'
INFO: [SIM-utils-51] Simulation object is 'sim_1'
INFO: [SIM-utils-54] Inspecting design source files for 'tb_booth_multiplier' in fileset 'sim_1'...
INFO: [USF-XSim-97] Finding global include files...
INFO: [USF-XSim-98] Fetching design files from 'sim_1'...
INFO: [USF-XSim-2] XSim::Compile design
INFO: [USF-XSim-61] Executing 'COMPILE and ANALYZE' step in 'D:/Vivado _projects/Assign_Q_1/Assign_Q_1.sim/sim_1/behav/xsim'
"xvlog --incr --relax -prj tb_booth_multiplier_vlog.prj"
INFO: [VRFC 10-2263] Analyzing Verilog file "D:/Vivado _projects/Assign_Q_1/Assign_Q_1.srcs/sources_1/new/multiplier.v" into library xil_defaultlib
INFO: [VRFC 10-311] analyzing module booth_multiplier_16bit
INFO: [VRFC 10-2263] Analyzing Verilog file "D:/Vivado _projects/Assign_Q_1/Assign_Q_1.srcs/sim_1/new/tb_booth_multiplier.v" into library xil_defaultlib
INFO: [VRFC 10-311] analyzing module tb_booth_multiplier
INFO: [USF-XSim-69] 'compile' step finished in '1' seconds
INFO: [USF-XSim-3] XSim::Elaborate design
INFO: [USF-XSim-61] Executing 'ELABORATE' step in 'D:/Vivado _projects/Assign_Q_1/Assign_Q_1.sim/sim_1/behav/xsim'
Vivado Simulator 2018.2
Copyright 1986-1999, 2001-2018 Xilinx, Inc. All Rights Reserved.
Running: D:/Vivado/2018.2/bin/unwrapped/win64.o/xelab.exe -wto 548dbf5c8537425bbc53be1435fae37c --incr --debug typical --relax --mt 2 -L xil_defaultlib -L unisims_ver -L unimacro_ver -L secureip --snapshot tb_booth_multiplier_behav xil_defaultlib.tb_booth_multiplier xil_defaultlib.glbl -log elaborate.log 
Using 2 slave threads.
Starting static elaboration
Completed static elaboration
Starting simulation data flow analysis
Completed simulation data flow analysis
Time Resolution for simulation is 1ps
Compiling module xil_defaultlib.booth_multiplier_16bit
Compiling module xil_defaultlib.tb_booth_multiplier
Compiling module xil_defaultlib.glbl
Built simulation snapshot tb_booth_multiplier_behav

****** Webtalk v2018.2 (64-bit)
  **** SW Build 2258646 on Thu Jun 14 20:03:12 MDT 2018
  **** IP Build 2256618 on Thu Jun 14 22:10:49 MDT 2018
    ** Copyright 1986-2018 Xilinx, Inc. All Rights Reserved.

source D:/Vivado -notrace
couldn't read file "D:/Vivado": permission denied
INFO: [Common 17-206] Exiting Webtalk at Fri Oct 24 03:24:53 2025...
INFO: [USF-XSim-69] 'elaborate' step finished in '3' seconds
INFO: [USF-XSim-4] XSim::Simulate design
INFO: [USF-XSim-61] Executing 'SIMULATE' step in 'D:/Vivado _projects/Assign_Q_1/Assign_Q_1.sim/sim_1/behav/xsim'
INFO: [USF-XSim-98] *** Running xsim
   with args "tb_booth_multiplier_behav -key {Behavioral:sim_1:Functional:tb_booth_multiplier} -tclbatch {tb_booth_multiplier.tcl} -log {simulate.log}"
INFO: [USF-XSim-8] Loading simulator feature
Vivado Simulator 2018.2
Time resolution is 1 ps
source tb_booth_multiplier.tcl
# set curr_wave [current_wave_config]
# if { [string length $curr_wave] == 0 } {
#   if { [llength [get_objects]] > 0} {
#     add_wave /
#     set_property needs_save false [current_wave_config]
#   } else {
#      send_msg_id Add_Wave-1 WARNING "No top level signals found. Simulator will start without a wave window. If you want to open a wave window go to 'File->New Waveform Configuration' or type 'create_wave_config' in the TCL console."
#   }
# }
# run 1000ns
-----------------------------------------------
[TEST] 2507 * 2435
INFO: [USF-XSim-96] XSim completed. Design snapshot 'tb_booth_multiplier_behav' loaded.
INFO: [USF-XSim-97] XSim simulation ran for 1000ns
launch_simulation: Time (s): cpu = 00:00:05 ; elapsed = 00:00:08 . Memory (MB): peak = 835.051 ; gain = 0.000
run all
Error:   [FAIL] Result: 6104545, Expected: 40650867
Time: 19191 ns  Iteration: 0  Process: /tb_booth_multiplier/run_test  File: D:/Vivado _projects/Assign_Q_1/Assign_Q_1.srcs/sim_1/new/tb_booth_multiplier.v
-----------------------------------------------
[TEST] 1234 * 5678
  [PASS] Result: 7006652
-----------------------------------------------
[TEST] 32767 * 32767
  [PASS] Result: 1073676289
-----------------------------------------------
[TEST] -32768 * -32768
  [PASS] Result: 1073741824
-----------------------------------------------
[TEST] 32767 * -32768
  [PASS] Result: -1073709056
-----------------------------------------------
[TEST] -12345 * 6789
  [PASS] Result: -83810205
-----------------------------------------------
[TEST] -27000 * 0
  [PASS] Result: 0
-----------------------------------------------
[TEST] 30000 * -1
  [PASS] Result: -30000
-----------------------------------------------
All tests completed.
close_sim
INFO: [Simtcl 6-16] Simulation closed
exit
INFO: [Common 17-206] Exiting Vivado at Fri Oct 24 03:52:52 2025...
