#-----------------------------------------------------------
# Vivado v2018.2 (64-bit)
# SW Build 2258646 on Thu Jun 14 20:03:12 MDT 2018
# IP Build 2256618 on Thu Jun 14 22:10:49 MDT 2018
# Start of session at: Mon Aug 24 12:04:32 2026
# Process ID: 25928
# Current directory: D:/Vivado _projects/RISC-V/DSD_Capstone
# Command line: vivado.exe -gui_launcher_event rodinguilauncherevent31864 D:\Vivado _projects\RISC-V\DSD_Capstone\MultiCycle.xpr
# Log file: D:/Vivado _projects/RISC-V/DSD_Capstone/vivado.log
# Journal file: D:/Vivado _projects/RISC-V/DSD_Capstone\vivado.jou
#-----------------------------------------------------------
start_gui
open_project {D:/Vivado _projects/RISC-V/DSD_Capstone/MultiCycle.xpr}
Scanning sources...
Finished scanning sources
INFO: [IP_Flow 19-234] Refreshing IP repositories
INFO: [IP_Flow 19-1704] No user IP repositories specified
INFO: [IP_Flow 19-2313] Loaded Vivado IP repository 'D:/Vivado/2018.2/data/ip'.
open_project: Time (s): cpu = 00:00:22 ; elapsed = 00:00:10 . Memory (MB): peak = 835.676 ; gain = 81.047
update_compile_order -fileset sources_1
exit
INFO: [Common 17-206] Exiting Vivado at Mon Aug 24 18:36:22 2026...
