#-----------------------------------------------------------
# Vivado v2018.2 (64-bit)
# SW Build 2258646 on Thu Jun 14 20:03:12 MDT 2018
# IP Build 2256618 on Thu Jun 14 22:10:49 MDT 2018
# Start of session at: Sat Oct  4 02:38:17 2025
# Process ID: 19672
# Current directory: D:/Vivado _projects/Lab_02_Solution/2.ripple_adder
# Command line: vivado.exe -gui_launcher_event rodinguilauncherevent23508 D:\Vivado _projects\Lab_02_Solution\2.ripple_adder\ripple_adder.xpr
# Log file: D:/Vivado _projects/Lab_02_Solution/2.ripple_adder/vivado.log
# Journal file: D:/Vivado _projects/Lab_02_Solution/2.ripple_adder\vivado.jou
#-----------------------------------------------------------
start_gui
open_project {D:/Vivado _projects/Lab_02_Solution/2.ripple_adder/ripple_adder.xpr}
INFO: [Project 1-313] Project file moved from 'C:/Users/Laptop/Desktop/Vivado Lab projects/DSD Projects Vivado/ripple_adder' since last save.
Scanning sources...
Finished scanning sources
INFO: [IP_Flow 19-234] Refreshing IP repositories
INFO: [IP_Flow 19-1704] No user IP repositories specified
INFO: [IP_Flow 19-2313] Loaded Vivado IP repository 'D:/Vivado/2018.2/data/ip'.
open_project: Time (s): cpu = 00:00:04 ; elapsed = 00:00:07 . Memory (MB): peak = 799.715 ; gain = 78.133
update_compile_order -fileset sources_1
exit
INFO: [Common 17-206] Exiting Vivado at Sat Oct  4 02:46:51 2025...
