Vivado Simulator 2018.2
Time resolution is 1 ps
Sample [0]: Expected = 0000, Actual = 0000 -> PASS
Sample [1]: Expected = 007f, Actual = 007f -> PASS
Sample [2]: Expected = 007d, Actual = 007d -> PASS
Sample [3]: Expected = 01ae, Actual = 01ae -> PASS
Sample [4]: Expected = 0238, Actual = 0238 -> PASS
Sample [5]: Expected = 0382, Actual = 0382 -> PASS
Sample [6]: Expected = 0539, Actual = 0539 -> PASS
Sample [7]: Expected = 068e, Actual = 068e -> PASS
Sample [8]: Expected = 092d, Actual = 092d -> PASS
Sample [9]: Expected = 0b35, Actual = 0b35 -> PASS
Sample [10]: Expected = 0e04, Actual = 0e04 -> PASS
Sample [11]: Expected = 113f, Actual = 113f -> PASS
Sample [12]: Expected = 140f, Actual = 140f -> PASS
Sample [13]: Expected = 181d, Actual = 181d -> PASS
Sample [14]: Expected = 1b81, Actual = 1b81 -> PASS
Sample [15]: Expected = 1f98, Actual = 1f98 -> PASS
Sample [16]: Expected = 2403, Actual = 2403 -> PASS
Sample [17]: Expected = 27ed, Actual = 27ed -> PASS
Sample [18]: Expected = 2cfb, Actual = 2cfb -> PASS
Sample [19]: Expected = 3146, Actual = 3146 -> PASS
Sample [20]: Expected = 3629, Actual = 3629 -> PASS
Sample [21]: Expected = 3b42, Actual = 3b42 -> PASS
Sample [22]: Expected = 3fba, Actual = 3fba -> PASS
Sample [23]: Expected = 4530, Actual = 4530 -> PASS
Sample [24]: Expected = 49b7, Actual = 49b7 -> PASS
Sample [25]: Expected = 4ea5, Actual = 4ea5 -> PASS
Sample [26]: Expected = 538f, Actual = 538f -> PASS
Sample [27]: Expected = 5798, Actual = 5798 -> PASS
Sample [28]: Expected = 5c58, Actual = 5c58 -> PASS
Sample [29]: Expected = 5fde, Actual = 5fde -> PASS
Sample [30]: Expected = 6379, Actual = 6379 -> PASS
Sample [31]: Expected = 66c3, Actual = 66c3 -> PASS
Sample [32]: Expected = 68dc, Actual = 68dc -> PASS
Sample [33]: Expected = 6b65, Actual = 6b65 -> PASS
Sample [34]: Expected = 6c71, Actual = 6c71 -> PASS
Sample [35]: Expected = 6d5e, Actual = 6d5e -> PASS
Sample [36]: Expected = 6dce, Actual = 6dce -> PASS
Sample [37]: Expected = 6cf3, Actual = 6cf3 -> PASS
Sample [38]: Expected = 6c7a, Actual = 6c7a -> PASS
Sample [39]: Expected = 6a88, Actual = 6a88 -> PASS
Sample [40]: Expected = 6888, Actual = 6888 -> PASS
Sample [41]: Expected = 662a, Actual = 662a -> PASS
Sample [42]: Expected = 62ab, Actual = 62ab -> PASS
Sample [43]: Expected = 5fc1, Actual = 5fc1 -> PASS
Sample [44]: Expected = 5b99, Actual = 5b99 -> PASS
Sample [45]: Expected = 579f, Actual = 579f -> PASS
Sample [46]: Expected = 5388, Actual = 5388 -> PASS
Sample [47]: Expected = 4e8e, Actual = 4e8e -> PASS
Sample [48]: Expected = 4a68, Actual = 4a68 -> PASS
Sample [49]: Expected = 453d, Actual = 453d -> PASS
Sample [50]: Expected = 407a, Actual = 407a -> PASS
Sample [51]: Expected = 3bcd, Actual = 3bcd -> PASS
Sample [52]: Expected = 366f, Actual = 366f -> PASS
Sample [53]: Expected = 3215, Actual = 3215 -> PASS
Sample [54]: Expected = 2ce6, Actual = 2ce6 -> PASS
Sample [55]: Expected = 284b, Actual = 284b -> PASS
Sample [56]: Expected = 23f7, Actual = 23f7 -> PASS
Sample [57]: Expected = 1f21, Actual = 1f21 -> PASS
Sample [58]: Expected = 1b7f, Actual = 1b7f -> PASS
Sample [59]: Expected = 1736, Actual = 1736 -> PASS
Sample [60]: Expected = 13b1, Actual = 13b1 -> PASS
Sample [61]: Expected = 109c, Actual = 109c -> PASS
Sample [62]: Expected = 0d2d, Actual = 0d2d -> PASS
Sample [63]: Expected = 0b11, Actual = 0b11 -> PASS
Sample [64]: Expected = 0867, Actual = 0867 -> PASS
Sample [65]: Expected = 068e, Actual = 068e -> PASS
Sample [66]: Expected = 052b, Actual = 052b -> PASS
Sample [67]: Expected = 0366, Actual = 0366 -> PASS
Sample [68]: Expected = 02e3, Actual = 02e3 -> PASS
Sample [69]: Expected = 01b7, Actual = 01b7 -> PASS
Sample [70]: Expected = 0139, Actual = 0139 -> PASS
Sample [71]: Expected = 0106, Actual = 0106 -> PASS
Sample [72]: Expected = 0043, Actual = 0043 -> PASS
Sample [73]: Expected = 00cc, Actual = 00cc -> PASS
Sample [74]: Expected = ffe8, Actual = ffe8 -> PASS
Sample [75]: Expected = 005c, Actual = 005c -> PASS
Sample [76]: Expected = fff2, Actual = fff2 -> PASS
Sample [77]: Expected = ff87, Actual = ff87 -> PASS
Sample [78]: Expected = fffc, Actual = fffc -> PASS
Sample [79]: Expected = ff18, Actual = ff18 -> PASS
Sample [80]: Expected = ffa0, Actual = ffa0 -> PASS
Sample [81]: Expected = ff5d, Actual = ff5d -> PASS
Sample [82]: Expected = ff28, Actual = ff28 -> PASS
Sample [83]: Expected = ffdb, Actual = ffdb -> PASS
Sample [84]: Expected = ff39, Actual = ff39 -> PASS
Sample [85]: Expected = 0000, Actual = 0000 -> PASS
Sample [86]: Expected = fff2, Actual = fff2 -> PASS
Sample [87]: Expected = ffe3, Actual = ffe3 -> PASS
Sample [88]: Expected = 00ab, Actual = 00ab -> PASS
Sample [89]: Expected = 0009, Actual = 0009 -> PASS
Sample [90]: Expected = 00bc, Actual = 00bc -> PASS
Sample [91]: Expected = 0087, Actual = 0087 -> PASS
Sample [92]: Expected = 0043, Actual = 0043 -> PASS
Sample [93]: Expected = 00cc, Actual = 00cc -> PASS
Sample [94]: Expected = ffe8, Actual = ffe8 -> PASS
Sample [95]: Expected = 005c, Actual = 005c -> PASS
Sample [96]: Expected = fff2, Actual = fff2 -> PASS
Sample [97]: Expected = ff87, Actual = ff87 -> PASS
Sample [98]: Expected = fffc, Actual = fffc -> PASS
Sample [99]: Expected = ff18, Actual = ff18 -> PASS
------------------------------------------------
SIMULATION COMPLETE
Matches: 100 / 100
Errors:  0 / 100
RESULT: PASS
------------------------------------------------
$finish called at time : 101515 ns : File "D:/Vivado _projects/LS_FIR_FILTER/LS_FIR_FILTER.srcs/sim_1/new/tb_fir_symmetric_pipelined.sv" Line 89
