Copyright 1986-2018 Xilinx, Inc. All Rights Reserved.
----------------------------------------------------------------------------------------------------
| Tool Version : Vivado v.2018.2 (win64) Build 2258646 Thu Jun 14 20:03:12 MDT 2018
| Date         : Mon Sep  7 21:09:36 2026
| Host         : RoshaanWasif running 64-bit major release  (build 9200)
| Command      : report_control_sets -verbose -file fir_symmetric_pipelined_control_sets_placed.rpt
| Design       : fir_symmetric_pipelined
| Device       : xc7a100t
----------------------------------------------------------------------------------------------------

Control Set Information

Table of Contents
-----------------
1. Summary
2. Histogram
3. Flip-Flop Distribution
4. Detailed Control Set Information

1. Summary
----------

+----------------------------------------------------------+-------+
|                          Status                          | Count |
+----------------------------------------------------------+-------+
| Number of unique control sets                            |    19 |
| Unused register locations in slices containing registers |    56 |
+----------------------------------------------------------+-------+


2. Histogram
------------

+--------+--------------+
| Fanout | Control Sets |
+--------+--------------+
|      2 |            3 |
|      4 |            1 |
|      6 |            1 |
|      8 |            1 |
|    16+ |           13 |
+--------+--------------+


3. Flip-Flop Distribution
-------------------------

+--------------+-----------------------+------------------------+-----------------+--------------+
| Clock Enable | Synchronous Set/Reset | Asynchronous Set/Reset | Total Registers | Total Slices |
+--------------+-----------------------+------------------------+-----------------+--------------+
| No           | No                    | No                     |               0 |            0 |
| No           | No                    | Yes                    |              10 |            3 |
| No           | Yes                   | No                     |               0 |            0 |
| Yes          | No                    | No                     |               0 |            0 |
| Yes          | No                    | Yes                    |            2070 |          316 |
| Yes          | Yes                   | No                     |               0 |            0 |
+--------------+-----------------------+------------------------+-----------------+--------------+


4. Detailed Control Set Information
-----------------------------------

+----------------+----------------------+--------------------------+------------------+----------------+
|  Clock Signal  |     Enable Signal    |     Set/Reset Signal     | Slice Load Count | Bel Load Count |
+----------------+----------------------+--------------------------+------------------+----------------+
|  clk_IBUF_BUFG |                      | compute_en_i_2_n_0       |                1 |              2 |
|  clk_IBUF_BUFG |                      | data_out[3]_i_1_n_0      |                1 |              2 |
|  clk_IBUF_BUFG | compute_en_i_1_n_0   | compute_en_i_2_n_0       |                1 |              2 |
|  clk_IBUF_BUFG | read_addr[5]_i_1_n_0 | shift_reg[0][8]_i_1_n_0  |                1 |              4 |
|  clk_IBUF_BUFG |                      | pipe_valid[2]_i_1_n_0    |                1 |              6 |
|  clk_IBUF_BUFG | data_out0            | data_out[3]_i_1_n_0      |                1 |              8 |
|  clk_IBUF_BUFG | read_addr[5]_i_1_n_0 | shift_reg[1][1]_i_1_n_0  |                4 |             22 |
|  clk_IBUF_BUFG | data_out0            | pipe_valid[2]_i_1_n_0    |                4 |             24 |
|  clk_IBUF_BUFG | p_0_in               | pipe_valid[2]_i_1_n_0    |                7 |             54 |
|  clk_IBUF_BUFG | compute_en_reg_n_0   | compute_en_i_2_n_0       |                6 |             58 |
|  clk_IBUF_BUFG | data_valid_in_IBUF   | pipe_valid[2]_i_1_n_0    |               23 |            146 |
|  clk_IBUF_BUFG | data_valid_in_IBUF   | compute_en_i_2_n_0       |               30 |            168 |
|  clk_IBUF_BUFG | data_valid_in_IBUF   | shift_reg[1][1]_i_1_n_0  |               30 |            208 |
|  clk_IBUF_BUFG | data_valid_in_IBUF   | shift_reg[0][8]_i_1_n_0  |               30 |            226 |
|  clk_IBUF_BUFG | data_valid_in_IBUF   | shift_reg[0][5]_i_1_n_0  |               38 |            230 |
|  clk_IBUF_BUFG | data_valid_in_IBUF   | shift_reg[1][7]_i_1_n_0  |               32 |            230 |
|  clk_IBUF_BUFG | data_valid_in_IBUF   | shift_reg[0][11]_i_1_n_0 |               37 |            230 |
|  clk_IBUF_BUFG | data_valid_in_IBUF   | shift_reg[1][4]_i_1_n_0  |               34 |            230 |
|  clk_IBUF_BUFG | data_valid_in_IBUF   | shift_reg[0][2]_i_1_n_0  |               38 |            230 |
+----------------+----------------------+--------------------------+------------------+----------------+


