INFO: [VRFC 10-2263] Analyzing SystemVerilog file "D:/Vivado _projects/RISC-V/Branch_predict/Branch_predict.srcs/sources_1/new/TOP.sv" into library xil_defaultlib
INFO: [VRFC 10-311] analyzing module TOP
INFO: [VRFC 10-2263] Analyzing SystemVerilog file "D:/Vivado _projects/RISC-V/Branch_predict/Branch_predict.srcs/sources_1/new/adder_branch.sv" into library xil_defaultlib
INFO: [VRFC 10-311] analyzing module adder_branch
INFO: [VRFC 10-2263] Analyzing SystemVerilog file "D:/Vivado _projects/RISC-V/Branch_predict/Branch_predict.srcs/sources_1/new/adder_pc.sv" into library xil_defaultlib
INFO: [VRFC 10-311] analyzing module adder_pc
INFO: [VRFC 10-2263] Analyzing SystemVerilog file "D:/Vivado _projects/RISC-V/Branch_predict/Branch_predict.srcs/sources_1/new/alu.sv" into library xil_defaultlib
INFO: [VRFC 10-311] analyzing module alu
INFO: [VRFC 10-2263] Analyzing SystemVerilog file "D:/Vivado _projects/RISC-V/Branch_predict/Branch_predict.srcs/sources_1/new/branch_predictor.sv" into library xil_defaultlib
INFO: [VRFC 10-311] analyzing module branch_predictor
INFO: [VRFC 10-2263] Analyzing SystemVerilog file "D:/Vivado _projects/RISC-V/Branch_predict/Branch_predict.srcs/sources_1/new/control_unit.sv" into library xil_defaultlib
INFO: [VRFC 10-311] analyzing module control_unit
INFO: [VRFC 10-2263] Analyzing SystemVerilog file "D:/Vivado _projects/RISC-V/Branch_predict/Branch_predict.srcs/sources_1/new/decode_cycle.sv" into library xil_defaultlib
INFO: [VRFC 10-311] analyzing module decode_cycle
INFO: [VRFC 10-2263] Analyzing SystemVerilog file "D:/Vivado _projects/RISC-V/Branch_predict/Branch_predict.srcs/sources_1/new/dmem.sv" into library xil_defaultlib
INFO: [VRFC 10-311] analyzing module dmem
INFO: [VRFC 10-2263] Analyzing SystemVerilog file "D:/Vivado _projects/RISC-V/Branch_predict/Branch_predict.srcs/sources_1/new/execution_cycle.sv" into library xil_defaultlib
INFO: [VRFC 10-311] analyzing module execution_cycle
INFO: [VRFC 10-2263] Analyzing SystemVerilog file "D:/Vivado _projects/RISC-V/Branch_predict/Branch_predict.srcs/sources_1/new/fetch_cycle.sv" into library xil_defaultlib
INFO: [VRFC 10-311] analyzing module fetch_cycle
INFO: [VRFC 10-2263] Analyzing SystemVerilog file "D:/Vivado _projects/RISC-V/Branch_predict/Branch_predict.srcs/sources_1/new/forwarding_unit.sv" into library xil_defaultlib
INFO: [VRFC 10-311] analyzing module forwarding_unit
INFO: [VRFC 10-2263] Analyzing SystemVerilog file "D:/Vivado _projects/RISC-V/Branch_predict/Branch_predict.srcs/sources_1/new/hazard_unit.sv" into library xil_defaultlib
INFO: [VRFC 10-311] analyzing module hazard_unit
INFO: [VRFC 10-2263] Analyzing SystemVerilog file "D:/Vivado _projects/RISC-V/Branch_predict/Branch_predict.srcs/sources_1/new/imem.sv" into library xil_defaultlib
INFO: [VRFC 10-311] analyzing module imem
INFO: [VRFC 10-2263] Analyzing SystemVerilog file "D:/Vivado _projects/RISC-V/Branch_predict/Branch_predict.srcs/sources_1/new/imm_gen.sv" into library xil_defaultlib
INFO: [VRFC 10-311] analyzing module imm_gen
INFO: [VRFC 10-2263] Analyzing SystemVerilog file "D:/Vivado _projects/RISC-V/Branch_predict/Branch_predict.srcs/sources_1/new/memory_cycle.sv" into library xil_defaultlib
INFO: [VRFC 10-311] analyzing module memory_cycle
INFO: [VRFC 10-2263] Analyzing SystemVerilog file "D:/Vivado _projects/RISC-V/Branch_predict/Branch_predict.srcs/sources_1/new/mux2.sv" into library xil_defaultlib
INFO: [VRFC 10-311] analyzing module mux2
INFO: [VRFC 10-2263] Analyzing SystemVerilog file "D:/Vivado _projects/RISC-V/Branch_predict/Branch_predict.srcs/sources_1/new/mux3.sv" into library xil_defaultlib
INFO: [VRFC 10-311] analyzing module mux3
INFO: [VRFC 10-2263] Analyzing SystemVerilog file "D:/Vivado _projects/RISC-V/Branch_predict/Branch_predict.srcs/sources_1/new/pc_reg.sv" into library xil_defaultlib
INFO: [VRFC 10-311] analyzing module pc_reg
INFO: [VRFC 10-2263] Analyzing SystemVerilog file "D:/Vivado _projects/RISC-V/Branch_predict/Branch_predict.srcs/sources_1/new/regfile.sv" into library xil_defaultlib
INFO: [VRFC 10-311] analyzing module regfile
INFO: [VRFC 10-2263] Analyzing SystemVerilog file "D:/Vivado _projects/RISC-V/Branch_predict/Branch_predict.srcs/sources_1/new/writeback_cycle.sv" into library xil_defaultlib
INFO: [VRFC 10-311] analyzing module writeback_cycle
INFO: [VRFC 10-2263] Analyzing SystemVerilog file "D:/Vivado _projects/RISC-V/Branch_predict/Branch_predict.srcs/sim_1/new/TOP_TB.sv" into library xil_defaultlib
INFO: [VRFC 10-311] analyzing module TOP_TB
