Vivado Simulator 2018.2
Time resolution is 1 ps
      -----------------------------------------------------------------------------------------
           Time |   PC   | Instruction | Pred Taken | Actual Taken | EX Flush |   x1   |   x3   |
      -----------------------------------------------------------------------------------------
               16000|000004|00100113|        0     |     0    |       0      |       0   |     0 |
               26000|000008|402080b3|        0     |     0    |       0      |       0   |     0 |
               36000|00000c|00008463|        0     |     0    |       0      |       0   |     0 |
               46000|000010|fe000ce3|        0     |     0    |       0      |       0   |     0 |
               56000|000014|06300193|        0     |     0    |       0      |       3   |     0 |
               66000|000018|00000013|        0     |     1    |       1      |       3   |     0 |
               76000|000008|402080b3|        0     |     0    |       0      |       2   |     0 |
               86000|00000c|00008463|        0     |     0    |       0      |       2   |     0 |
               96000|000010|fe000ce3|        1     |     0    |       0      |       2   |     0 |
              106000|000008|402080b3|        0     |     0    |       0      |       2   |     0 |
              116000|00000c|00008463|        0     |     1    |       0      |       2   |     0 |
              126000|000010|fe000ce3|        1     |     0    |       0      |       1   |     0 |
              136000|000008|402080b3|        0     |     1    |       1      |       1   |     0 |
              146000|000014|06300193|        0     |     0    |       0      |       1   |     0 |
              156000|000018|00000013|        0     |     0    |       0      |       0   |     0 |
              166000|00001c|00000013|        0     |     0    |       0      |       0   |     0 |
              176000|000020|00000013|        0     |     0    |       0      |       0   |     0 |
              186000|000024|00000013|        0     |     0    |       0      |       0   |     0 |
              196000|000028|00000013|        0     |     0    |       0      |       0   |    99 |
              206000|00002c|00000013|        0     |     0    |       0      |       0   |    99 |
              216000|000030|00000013|        0     |     0    |       0      |       0   |    99 |
              226000|000034|00000013|        0     |     0    |       0      |       0   |    99 |
              236000|000038|00000013|        0     |     0    |       0      |       0   |    99 |
              246000|00003c|00000013|        0     |     0    |       0      |       0   |    99 |
              256000|000040|00000013|        0     |     0    |       0      |       0   |    99 |
              266000|000044|00000013|        0     |     0    |       0      |       0   |    99 |
              276000|000048|00000013|        0     |     0    |       0      |       0   |    99 |
              286000|00004c|00000013|        0     |     0    |       0      |       0   |    99 |
              296000|000050|00000013|        0     |     0    |       0      |       0   |    99 |
              306000|000054|00000013|        0     |     0    |       0      |       0   |    99 |
              316000|000058|00000013|        0     |     0    |       0      |       0   |    99 |
              326000|00005c|00000013|        0     |     0    |       0      |       0   |    99 |
              336000|000060|00000013|        0     |     0    |       0      |       0   |    99 |
              346000|000064|00000013|        0     |     0    |       0      |       0   |    99 |
              356000|000068|00000013|        0     |     0    |       0      |       0   |    99 |
-----------------------------------------------------------------------------------------
Simulation Finished.
Observe 'EX Flush': It should trigger on the first 'beq x0, x0, -8' as the predictor learns.
Subsequent loop iterations should have 'Pred Taken' = 1 and 'EX Flush' = 0.
$finish called at time : 356 ns : File "D:/Vivado _projects/RISC-V/Branch_predict/Branch_predict.srcs/sim_1/new/TOP_TB.sv" Line 81
