#-----------------------------------------------------------
# Vivado v2018.2 (64-bit)
# SW Build 2258646 on Thu Jun 14 20:03:12 MDT 2018
# IP Build 2256618 on Thu Jun 14 22:10:49 MDT 2018
# Start of session at: Sat Oct  4 01:50:37 2025
# Process ID: 24736
# Current directory: D:/Vivado _projects/Lab_01_Solution/priority_encoder_4to1
# Command line: vivado.exe -gui_launcher_event rodinguilauncherevent27004 D:\Vivado _projects\Lab_01_Solution\priority_encoder_4to1\priority_encoder_4to1.xpr
# Log file: D:/Vivado _projects/Lab_01_Solution/priority_encoder_4to1/vivado.log
# Journal file: D:/Vivado _projects/Lab_01_Solution/priority_encoder_4to1\vivado.jou
#-----------------------------------------------------------
start_gui
open_project {D:/Vivado _projects/Lab_01_Solution/priority_encoder_4to1/priority_encoder_4to1.xpr}
INFO: [Project 1-313] Project file moved from 'D:/Vivado Lab projects/priority_encoder_4to1' since last save.
Scanning sources...
Finished scanning sources
INFO: [IP_Flow 19-234] Refreshing IP repositories
INFO: [IP_Flow 19-1704] No user IP repositories specified
INFO: [IP_Flow 19-2313] Loaded Vivado IP repository 'D:/Vivado/2018.2/data/ip'.
open_project: Time (s): cpu = 00:00:05 ; elapsed = 00:00:05 . Memory (MB): peak = 860.922 ; gain = 123.234
update_compile_order -fileset sources_1
exit
