Copyright 1986-2018 Xilinx, Inc. All Rights Reserved.
------------------------------------------------------------------------------------
| Tool Version : Vivado v.2018.2 (win64) Build 2258646 Thu Jun 14 20:03:12 MDT 2018
| Date         : Tue Sep  1 11:57:10 2026
| Host         : RoshaanWasif running 64-bit major release  (build 9200)
| Command      : report_control_sets -verbose -file top_control_sets_placed.rpt
| Design       : top
| Device       : xc7a100t
------------------------------------------------------------------------------------

Control Set Information

Table of Contents
-----------------
1. Summary
2. Histogram
3. Flip-Flop Distribution
4. Detailed Control Set Information

1. Summary
----------

+----------------------------------------------------------+-------+
|                          Status                          | Count |
+----------------------------------------------------------+-------+
| Number of unique control sets                            |    27 |
| Unused register locations in slices containing registers |    64 |
+----------------------------------------------------------+-------+


2. Histogram
------------

+--------+--------------+
| Fanout | Control Sets |
+--------+--------------+
|      2 |            8 |
|     10 |            1 |
|    16+ |           18 |
+--------+--------------+


3. Flip-Flop Distribution
-------------------------

+--------------+-----------------------+------------------------+-----------------+--------------+
| Clock Enable | Synchronous Set/Reset | Asynchronous Set/Reset | Total Registers | Total Slices |
+--------------+-----------------------+------------------------+-----------------+--------------+
| No           | No                    | No                     |             182 |           21 |
| No           | No                    | Yes                    |              32 |            9 |
| No           | Yes                   | No                     |             280 |           68 |
| Yes          | No                    | No                     |             128 |           12 |
| Yes          | No                    | Yes                    |             180 |           34 |
| Yes          | Yes                   | No                     |             222 |           52 |
+--------------+-----------------------+------------------------+-----------------+--------------+


4. Detailed Control Set Information
-----------------------------------

+----------------+---------------------------------------------------------------------------------------------------------------+---------------------------------------------------------------------+------------------+----------------+
|  Clock Signal  |                                                 Enable Signal                                                 |                           Set/Reset Signal                          | Slice Load Count | Bel Load Count |
+----------------+---------------------------------------------------------------------------------------------------------------+---------------------------------------------------------------------+------------------+----------------+
|  clk_IBUF_BUFG | u_uart/u_rx/rx_data[5]                                                                                        | reset_IBUF                                                          |                1 |              2 |
|  clk_IBUF_BUFG | u_uart/u_rx/rx_data[1]                                                                                        | reset_IBUF                                                          |                1 |              2 |
|  clk_IBUF_BUFG | u_uart/u_rx/rx_data[0]                                                                                        | reset_IBUF                                                          |                1 |              2 |
|  clk_IBUF_BUFG | u_uart/u_rx/rx_data[2]                                                                                        | reset_IBUF                                                          |                1 |              2 |
|  clk_IBUF_BUFG | u_uart/u_rx/rx_data[3]                                                                                        | reset_IBUF                                                          |                1 |              2 |
|  clk_IBUF_BUFG | u_uart/u_rx/rx_data[4]                                                                                        | reset_IBUF                                                          |                1 |              2 |
|  clk_IBUF_BUFG | u_uart/u_rx/rx_data[7]                                                                                        | reset_IBUF                                                          |                1 |              2 |
|  clk_IBUF_BUFG | u_uart/u_rx/rx_data[6]                                                                                        | reset_IBUF                                                          |                1 |              2 |
|  clk_IBUF_BUFG | u_fir/u_fir_ip/U0/i_synth/g_single_rate.i_single_rate/base_en_cntrl                                           | u_fir/u_fir_ip/U0/i_synth/g_single_rate.i_single_rate/base_cnt      |                1 |             10 |
|  clk_IBUF_BUFG | ctrl/tx_shift_reg_reg[0][0]                                                                                   | reset_IBUF                                                          |                2 |             16 |
|  clk_IBUF_BUFG | u_uart/u_tx/clk_count                                                                                         | reset_IBUF                                                          |                3 |             20 |
|  clk_IBUF_BUFG | u_fir/u_fir_ip/U0/i_synth/g_single_rate.i_single_rate/base_en_cntrl                                           | u_fir/u_fir_ip/U0/i_synth/g_single_rate.i_single_rate/gen_data_addr |                2 |             20 |
|  clk_IBUF_BUFG | ctrl/s_axis_tdata_reg[15][0]                                                                                  | reset_IBUF                                                          |                4 |             32 |
|  clk_IBUF_BUFG | u_uart/u_rx/clk_count                                                                                         | reset_IBUF                                                          |                6 |             32 |
|  clk_IBUF_BUFG | u_fir/u_fir_ip/U0/i_synth/g_single_rate.i_single_rate/we_flush                                                |                                                                     |                4 |             32 |
|  clk_IBUF_BUFG | u_fir/u_fir_ip/U0/i_synth/g_single_rate.i_single_rate/rfd_int                                                 |                                                                     |                2 |             32 |
|  clk_IBUF_BUFG | u_fir/u_fir_ip/U0/i_synth/g_single_rate.i_single_rate/g_s_data_chan_fifo.i_s_data_chan_fifo/wr_enable         |                                                                     |                2 |             32 |
|  clk_IBUF_BUFG | u_fir/u_fir_ip/U0/i_synth/g_single_rate.i_single_rate/g_semi_parallel_and_smac.g_cntrl_signals[7].i_delay/WEB |                                                                     |                4 |             32 |
|  clk_IBUF_BUFG | ctrl/E[0]                                                                                                     | reset_IBUF                                                          |               18 |             64 |
|  clk_IBUF_BUFG | u_fir/u_fir_ip/U0/i_synth/g_single_rate.i_single_rate/g_semi_parallel_and_smac.i_latch_op/latch_op            |                                                                     |                8 |             64 |
|  clk_IBUF_BUFG | u_fir/u_fir_ip/U0/i_synth/g_single_rate.i_single_rate/m_axis_data_tvalid                                      | reset_IBUF                                                          |               11 |             64 |
|  clk_IBUF_BUFG | u_fir/u_fir_ip/U0/i_synth/g_single_rate.i_single_rate/p_0_in1_in                                              |                                                                     |                4 |             64 |
|  clk_IBUF_BUFG | ctrl/out[0]                                                                                                   | reset_IBUF                                                          |               31 |            128 |
|  clk_IBUF_BUFG | ctrl/p_0_in                                                                                                   |                                                                     |               12 |            192 |
|  clk_IBUF_BUFG |                                                                                                               |                                                                     |               24 |            198 |
|  clk_IBUF_BUFG | ctrl/ram_we                                                                                                   |                                                                     |               32 |            256 |
|  clk_IBUF_BUFG |                                                                                                               | reset_IBUF                                                          |               77 |            312 |
+----------------+---------------------------------------------------------------------------------------------------------------+---------------------------------------------------------------------+------------------+----------------+


