INFO: [VRFC 10-2263] Analyzing SystemVerilog file "D:/Vivado _projects/RISC-V/DSD_Capstone/MultiCycle.srcs/sources_1/new/ALU.sv" into library xil_defaultlib
INFO: [VRFC 10-311] analyzing module ALU
INFO: [VRFC 10-2263] Analyzing SystemVerilog file "D:/Vivado _projects/RISC-V/DSD_Capstone/MultiCycle.srcs/sources_1/new/SignExt.sv" into library xil_defaultlib
INFO: [VRFC 10-311] analyzing module SignExt
INFO: [VRFC 10-2263] Analyzing SystemVerilog file "D:/Vivado _projects/RISC-V/DSD_Capstone/MultiCycle.srcs/sources_1/new/controller.sv" into library xil_defaultlib
INFO: [VRFC 10-311] analyzing module controller
INFO: [VRFC 10-2263] Analyzing SystemVerilog file "D:/Vivado _projects/RISC-V/DSD_Capstone/MultiCycle.srcs/sources_1/new/datapath.sv" into library xil_defaultlib
INFO: [VRFC 10-311] analyzing module datapath
INFO: [VRFC 10-2263] Analyzing SystemVerilog file "D:/Vivado _projects/RISC-V/DSD_Capstone/MultiCycle.srcs/sources_1/new/fir_accelerator_top.sv" into library xil_defaultlib
INFO: [VRFC 10-311] analyzing module fir_accelerator_top
INFO: [VRFC 10-2263] Analyzing SystemVerilog file "D:/Vivado _projects/RISC-V/DSD_Capstone/MultiCycle.srcs/sources_1/new/memorys.sv" into library xil_defaultlib
INFO: [VRFC 10-311] analyzing module memorys
INFO: [VRFC 10-2263] Analyzing SystemVerilog file "D:/Vivado _projects/RISC-V/DSD_Capstone/MultiCycle.srcs/sources_1/new/register_en.sv" into library xil_defaultlib
INFO: [VRFC 10-311] analyzing module register_en
INFO: [VRFC 10-2263] Analyzing SystemVerilog file "D:/Vivado _projects/RISC-V/DSD_Capstone/MultiCycle.srcs/sources_1/new/register_file.sv" into library xil_defaultlib
INFO: [VRFC 10-311] analyzing module register_file
INFO: [VRFC 10-2263] Analyzing SystemVerilog file "D:/Vivado _projects/RISC-V/DSD_Capstone/MultiCycle.srcs/sources_1/new/register_simple.sv" into library xil_defaultlib
INFO: [VRFC 10-311] analyzing module register_simple
INFO: [VRFC 10-2263] Analyzing SystemVerilog file "D:/Vivado _projects/RISC-V/DSD_Capstone/MultiCycle.srcs/sources_1/new/top.sv" into library xil_defaultlib
INFO: [VRFC 10-311] analyzing module top
INFO: [VRFC 10-2263] Analyzing SystemVerilog file "D:/Vivado _projects/RISC-V/DSD_Capstone/MultiCycle.srcs/sources_1/new/uart_rx.sv" into library xil_defaultlib
INFO: [VRFC 10-311] analyzing module uart_rx
INFO: [VRFC 10-2263] Analyzing SystemVerilog file "D:/Vivado _projects/RISC-V/DSD_Capstone/MultiCycle.srcs/sources_1/new/uart_top.sv" into library xil_defaultlib
INFO: [VRFC 10-311] analyzing module uart_top
INFO: [VRFC 10-2263] Analyzing SystemVerilog file "D:/Vivado _projects/RISC-V/DSD_Capstone/MultiCycle.srcs/sources_1/new/uart_tx.sv" into library xil_defaultlib
INFO: [VRFC 10-311] analyzing module uart_tx
INFO: [VRFC 10-2263] Analyzing SystemVerilog file "D:/Vivado _projects/RISC-V/DSD_Capstone/MultiCycle.srcs/sim_1/new/tb_top.sv" into library xil_defaultlib
INFO: [VRFC 10-311] analyzing module tb_top
